NeoPixel.c:416:1:led_fill_led_pwm_data.part.0	20	static
core_cm4.h:1863:26:NVIC_EncodePriority.constprop	0	static
NeoPixel.c:543:16:led_start_reset_pulse	16	static
NeoPixel.c:443:1:led_update_sequence	16	static
NeoPixel.c:22:6:SetNeoState	0	static
NeoPixel.c:27:11:GetNeoState	0	static
NeoPixel.c:250:1:led_init	112	static
NeoPixel.c:328:1:led_set_color	8	static
NeoPixel.c:212:6:RainBow	16	static
NeoPixel.c:342:1:led_set_color_all	12	static
NeoPixel.c:357:1:led_set_color_rgb	0	static
NeoPixel.c:370:1:led_set_color_all_rgb	12	static
NeoPixel.c:386:1:led_is_update_finished	0	static
NeoPixel.c:396:1:led_update	16	static
NeoPixel.c:86:6:TurnAllRed	8	static
NeoPixel.c:95:6:TurnAllBlue	8	static
NeoPixel.c:104:6:TurnAllGreen	8	static
NeoPixel.c:113:6:TurnAllCyan	8	static
NeoPixel.c:122:6:TurnAllPurple	8	static
NeoPixel.c:131:6:TurnAllOrange	8	static
NeoPixel.c:140:6:TurnAllYellow	8	static
NeoPixel.c:149:6:TurnAllWhite	8	static
NeoPixel.c:158:6:TurnAllOff	8	static
NeoPixel.c:33:6:NeoStateMachine	8	static
NeoPixel.c:168:6:PowerUpSword	16	static
NeoPixel.c:195:6:PowerDownSword	16	static
NeoPixel.c:573:1:DMA1_Channel5_IRQHandler	0	static
