AS726X.c:204:9:AS726X_readRegister	32	static
AS726X.c:270:6:AS726X_writeRegister	48	static
AS726X.c:115:9:AS726X_virtualReadRegister	48	static
AS726X.c:44:9:AS726X_Get_HW_No	0	static
AS726X.c:221:6:AS726X_virtualWriteRegister	32	static
AS726X.c:53:6:AS726X_setMeasurementMode	8	static
AS726X.c:70:6:AS726X_setGain	8	static
AS726X.c:88:6:AS726X_setIntegrationTime	0	static
AS726X.c:97:6:AS726X_enableInterrupt	8	static
AS726X.c:108:6:AS726X_disableInterrupt	8	static
AS726X.c:394:9:AS726X_dataAvailable	8	static
AS726X.c:402:9:AS726X_clearDataAvailable	8	static
AS726X.c:438:10:AS726X_getChannel	16	static
AS726X.c:412:10:AS726X_getViolet	0	static
AS726X.c:416:10:AS726X_getBlue	0	static
AS726X.c:420:10:AS726X_getGreen	0	static
AS726X.c:424:10:AS726X_getYellow	0	static
AS726X.c:428:10:AS726X_getOrange	0	static
AS726X.c:432:10:AS726X_getRed	0	static
AS726X.c:373:6:AS726X_getSpectrumRaw	8	static
AS726X.c:472:7:AS726X_getCalibratedValue	24	static
AS726X.c:446:7:AS726X_getCalibratedViolet	0	static
AS726X.c:450:7:AS726X_getCalibratedBlue	0	static
AS726X.c:454:7:AS726X_getCalibratedGreen	0	static
AS726X.c:458:7:AS726X_getCalibratedYellow	0	static
AS726X.c:462:7:AS726X_getCalibratedOrange	0	static
AS726X.c:466:7:AS726X_getCalibratedRed	0	static
AS726X.c:353:6:AS726X_getSpectrum	8	static
AS726X.c:492:7:AS726X_convertBytesToFloat	0	static
AS726X.c:504:6:AS726X_enableIndicator	8	static
AS726X.c:515:6:AS726X_disableIndicator	8	static
AS726X.c:528:6:AS726X_setIndicatorCurrent	8	static
AS726X.c:544:6:AS726X_enableBulb	8	static
AS726X.c:555:6:AS726X_disableBulb	8	static
AS726X.c:566:6:AS726X_setBulbCurrent	8	static
AS726X.c:14:9:AS726X_begin	32	static
AS726X.c:289:6:AS726X_takeMeasurements	40	static
AS726X.c:330:6:AS726X_takeMeasurementsRaw	24	static
AS726X.c:581:9:AS726X_getTemperature	0	static
AS726X.c:589:7:AS726X_getTemperatureF	8	static
AS726X.c:601:6:AS726X_softReset	8	static
AS726X.c:617:10:AS726X_get_Normalized_Value	40	static
AS726X.c:363:6:AS726X_getSpectrum_norm	24	static
AS726X.c:383:6:AS726X_getSpectrumRaw_norm	16	static
