Archive member included to satisfy reference by file (symbol)

c:/program files (x86)/atollic/truestudio for stm32 9.3.0/armtools/bin/../lib/gcc/arm-atollic-eabi/6.3.1/../../../../arm-atollic-eabi/lib/armv7e-m/fpu\libc_nano.a(lib_a-errno.o)
                              Src\__ExegerGeneric.o (__errno)
c:/program files (x86)/atollic/truestudio for stm32 9.3.0/armtools/bin/../lib/gcc/arm-atollic-eabi/6.3.1/../../../../arm-atollic-eabi/lib/armv7e-m/fpu\libc_nano.a(lib_a-impure.o)
                              c:/program files (x86)/atollic/truestudio for stm32 9.3.0/armtools/bin/../lib/gcc/arm-atollic-eabi/6.3.1/../../../../arm-atollic-eabi/lib/armv7e-m/fpu\libc_nano.a(lib_a-errno.o) (_impure_ptr)
c:/program files (x86)/atollic/truestudio for stm32 9.3.0/armtools/bin/../lib/gcc/arm-atollic-eabi/6.3.1/../../../../arm-atollic-eabi/lib/armv7e-m/fpu\libc_nano.a(lib_a-init.o)
                              startup\startup_stm32l452xx.o (__libc_init_array)
c:/program files (x86)/atollic/truestudio for stm32 9.3.0/armtools/bin/../lib/gcc/arm-atollic-eabi/6.3.1/../../../../arm-atollic-eabi/lib/armv7e-m/fpu\libc_nano.a(lib_a-memset.o)
                              Src\NeoPixel.o (memset)
c:/program files (x86)/atollic/truestudio for stm32 9.3.0/armtools/bin/../lib/gcc/arm-atollic-eabi/6.3.1/../../../../arm-atollic-eabi/lib/armv7e-m/fpu\libc_nano.a(lib_a-printf.o)
                              Src\__ExegerGeneric.o (printf)
c:/program files (x86)/atollic/truestudio for stm32 9.3.0/armtools/bin/../lib/gcc/arm-atollic-eabi/6.3.1/../../../../arm-atollic-eabi/lib/armv7e-m/fpu\libc_nano.a(lib_a-puts.o)
                              Src\__ExegerGeneric.o (puts)
c:/program files (x86)/atollic/truestudio for stm32 9.3.0/armtools/bin/../lib/gcc/arm-atollic-eabi/6.3.1/../../../../arm-atollic-eabi/lib/armv7e-m/fpu\libc_nano.a(lib_a-strlen.o)
                              Src\__ExegerGeneric.o (strlen)
c:/program files (x86)/atollic/truestudio for stm32 9.3.0/armtools/bin/../lib/gcc/arm-atollic-eabi/6.3.1/../../../../arm-atollic-eabi/lib/armv7e-m/fpu\libc_nano.a(lib_a-wbuf.o)
                              c:/program files (x86)/atollic/truestudio for stm32 9.3.0/armtools/bin/../lib/gcc/arm-atollic-eabi/6.3.1/../../../../arm-atollic-eabi/lib/armv7e-m/fpu\libc_nano.a(lib_a-puts.o) (__swbuf_r)
c:/program files (x86)/atollic/truestudio for stm32 9.3.0/armtools/bin/../lib/gcc/arm-atollic-eabi/6.3.1/../../../../arm-atollic-eabi/lib/armv7e-m/fpu\libc_nano.a(lib_a-wsetup.o)
                              c:/program files (x86)/atollic/truestudio for stm32 9.3.0/armtools/bin/../lib/gcc/arm-atollic-eabi/6.3.1/../../../../arm-atollic-eabi/lib/armv7e-m/fpu\libc_nano.a(lib_a-puts.o) (__swsetup_r)
c:/program files (x86)/atollic/truestudio for stm32 9.3.0/armtools/bin/../lib/gcc/arm-atollic-eabi/6.3.1/../../../../arm-atollic-eabi/lib/armv7e-m/fpu\libc_nano.a(lib_a-fflush.o)
                              c:/program files (x86)/atollic/truestudio for stm32 9.3.0/armtools/bin/../lib/gcc/arm-atollic-eabi/6.3.1/../../../../arm-atollic-eabi/lib/armv7e-m/fpu\libc_nano.a(lib_a-wbuf.o) (_fflush_r)
c:/program files (x86)/atollic/truestudio for stm32 9.3.0/armtools/bin/../lib/gcc/arm-atollic-eabi/6.3.1/../../../../arm-atollic-eabi/lib/armv7e-m/fpu\libc_nano.a(lib_a-findfp.o)
                              c:/program files (x86)/atollic/truestudio for stm32 9.3.0/armtools/bin/../lib/gcc/arm-atollic-eabi/6.3.1/../../../../arm-atollic-eabi/lib/armv7e-m/fpu\libc_nano.a(lib_a-printf.o) (__sinit)
c:/program files (x86)/atollic/truestudio for stm32 9.3.0/armtools/bin/../lib/gcc/arm-atollic-eabi/6.3.1/../../../../arm-atollic-eabi/lib/armv7e-m/fpu\libc_nano.a(lib_a-fwalk.o)
                              c:/program files (x86)/atollic/truestudio for stm32 9.3.0/armtools/bin/../lib/gcc/arm-atollic-eabi/6.3.1/../../../../arm-atollic-eabi/lib/armv7e-m/fpu\libc_nano.a(lib_a-findfp.o) (_fwalk)
c:/program files (x86)/atollic/truestudio for stm32 9.3.0/armtools/bin/../lib/gcc/arm-atollic-eabi/6.3.1/../../../../arm-atollic-eabi/lib/armv7e-m/fpu\libc_nano.a(lib_a-makebuf.o)
                              c:/program files (x86)/atollic/truestudio for stm32 9.3.0/armtools/bin/../lib/gcc/arm-atollic-eabi/6.3.1/../../../../arm-atollic-eabi/lib/armv7e-m/fpu\libc_nano.a(lib_a-wsetup.o) (__smakebuf_r)
c:/program files (x86)/atollic/truestudio for stm32 9.3.0/armtools/bin/../lib/gcc/arm-atollic-eabi/6.3.1/../../../../arm-atollic-eabi/lib/armv7e-m/fpu\libc_nano.a(lib_a-nano-freer.o)
                              c:/program files (x86)/atollic/truestudio for stm32 9.3.0/armtools/bin/../lib/gcc/arm-atollic-eabi/6.3.1/../../../../arm-atollic-eabi/lib/armv7e-m/fpu\libc_nano.a(lib_a-wsetup.o) (_free_r)
c:/program files (x86)/atollic/truestudio for stm32 9.3.0/armtools/bin/../lib/gcc/arm-atollic-eabi/6.3.1/../../../../arm-atollic-eabi/lib/armv7e-m/fpu\libc_nano.a(lib_a-nano-mallocr.o)
[...]
Memory Configuration

Name             Origin             Length             Attributes
RAM              0x20000000         0x00028000         xrw
FLASH            0x08000000         0x00080000         xr
*default*        0x00000000         0xffffffff

Linker script and memory map

LOAD c:/program files (x86)/atollic/truestudio for stm32 9.3.0/armtools/bin/../lib/gcc/arm-atollic-eabi/6.3.1/armv7e-m/fpu/crti.o
LOAD c:/program files (x86)/atollic/truestudio for stm32 9.3.0/armtools/bin/../lib/gcc/arm-atollic-eabi/6.3.1/armv7e-m/fpu/crtbegin.o
LOAD Drivers\STM32L4xx_HAL_Driver\Src\stm32l4xx_hal.o
LOAD Drivers\STM32L4xx_HAL_Driver\Src\stm32l4xx_hal_adc.o
LOAD Drivers\STM32L4xx_HAL_Driver\Src\stm32l4xx_hal_adc_ex.o
LOAD Drivers\STM32L4xx_HAL_Driver\Src\stm32l4xx_hal_cortex.o
LOAD Drivers\STM32L4xx_HAL_Driver\Src\stm32l4xx_hal_dma.o
LOAD Drivers\STM32L4xx_HAL_Driver\Src\stm32l4xx_hal_dma_ex.o
LOAD Drivers\STM32L4xx_HAL_Driver\Src\stm32l4xx_hal_exti.o
LOAD Drivers\STM32L4xx_HAL_Driver\Src\stm32l4xx_hal_flash.o
LOAD Drivers\STM32L4xx_HAL_Driver\Src\stm32l4xx_hal_flash_ex.o
LOAD Drivers\STM32L4xx_HAL_Driver\Src\stm32l4xx_hal_flash_ramfunc.o
LOAD Drivers\STM32L4xx_HAL_Driver\Src\stm32l4xx_hal_gpio.o
LOAD Drivers\STM32L4xx_HAL_Driver\Src\stm32l4xx_hal_i2c.o
LOAD Drivers\STM32L4xx_HAL_Driver\Src\stm32l4xx_hal_i2c_ex.o
LOAD Drivers\STM32L4xx_HAL_Driver\Src\stm32l4xx_hal_pwr.o
LOAD Drivers\STM32L4xx_HAL_Driver\Src\stm32l4xx_hal_pwr_ex.o
LOAD Drivers\STM32L4xx_HAL_Driver\Src\stm32l4xx_hal_rcc.o
LOAD Drivers\STM32L4xx_HAL_Driver\Src\stm32l4xx_hal_rcc_ex.o
LOAD Drivers\STM32L4xx_HAL_Driver\Src\stm32l4xx_hal_tim.o
LOAD Drivers\STM32L4xx_HAL_Driver\Src\stm32l4xx_hal_tim_ex.o
LOAD Drivers\STM32L4xx_HAL_Driver\Src\stm32l4xx_hal_uart.o
LOAD Drivers\STM32L4xx_HAL_Driver\Src\stm32l4xx_hal_uart_ex.o
LOAD Drivers\STM32L4xx_HAL_Driver\Src\stm32l4xx_ll_dma.o
LOAD Drivers\STM32L4xx_HAL_Driver\Src\stm32l4xx_ll_exti.o
LOAD Drivers\STM32L4xx_HAL_Driver\Src\stm32l4xx_ll_gpio.o
LOAD Drivers\STM32L4xx_HAL_Driver\Src\stm32l4xx_ll_tim.o
LOAD Drivers\STM32L4xx_HAL_Driver\Src\stm32l4xx_ll_utils.o
LOAD Src\NeoPixel.o
LOAD Src\PowerManage.o
LOAD Src\__ExegerGeneric.o
LOAD Src\adc.o
LOAD Src\dma.o
LOAD Src\gpio.o
LOAD Src\i2c.o
LOAD Src\main.o
LOAD Src\stm32l4xx_hal_msp.o
LOAD Src\stm32l4xx_it.o
LOAD Src\syscalls.o
LOAD Src\system_stm32l4xx.o
LOAD Src\tim.o
LOAD Src\usart.o
LOAD startup\startup_stm32l452xx.o
                0x00000080                malloc_getpagesize_P = 0x80
START GROUP
LOAD c:/program files (x86)/atollic/truestudio for stm32 9.3.0/armtools/bin/../lib/gcc/arm-atollic-eabi/6.3.1/../../../../arm-atollic-eabi/lib/armv7e-m/fpu\libc_nano.a
LOAD c:/program files (x86)/atollic/truestudio for stm32 9.3.0/armtools/bin/../lib/gcc/arm-atollic-eabi/6.3.1/../../../../arm-atollic-eabi/lib/armv7e-m/fpu\libm.a
END GROUP
START GROUP
LOAD c:/program files (x86)/atollic/truestudio for stm32 9.3.0/armtools/bin/../lib/gcc/arm-atollic-eabi/6.3.1/armv7e-m/fpu\libgcc.a
LOAD c:/program files (x86)/atollic/truestudio for stm32 9.3.0/armtools/bin/../lib/gcc/arm-atollic-eabi/6.3.1/../../../../arm-atollic-eabi/lib/armv7e-m/fpu\libc_nano.a
END GROUP
START GROUP
LOAD c:/program files (x86)/atollic/truestudio for stm32 9.3.0/armtools/bin/../lib/gcc/arm-atollic-eabi/6.3.1/armv7e-m/fpu\libgcc.a
LOAD c:/program files (x86)/atollic/truestudio for stm32 9.3.0/armtools/bin/../lib/gcc/arm-atollic-eabi/6.3.1/../../../../arm-atollic-eabi/lib/armv7e-m/fpu\libc_nano.a
LOAD c:/program files (x86)/atollic/truestudio for stm32 9.3.0/armtools/bin/../lib/gcc/arm-atollic-eabi/6.3.1/../../../../arm-atollic-eabi/lib/armv7e-m/fpu\libnosys.a
END GROUP
START GROUP
LOAD c:/program files (x86)/atollic/truestudio for stm32 9.3.0/armtools/bin/../lib/gcc/arm-atollic-eabi/6.3.1/armv7e-m/fpu\libgcc.a
LOAD c:/program files (x86)/atollic/truestudio for stm32 9.3.0/armtools/bin/../lib/gcc/arm-atollic-eabi/6.3.1/../../../../arm-atollic-eabi/lib/armv7e-m/fpu\libc_nano.a
LOAD c:/program files (x86)/atollic/truestudio for stm32 9.3.0/armtools/bin/../lib/gcc/arm-atollic-eabi/6.3.1/../../../../arm-atollic-eabi/lib/armv7e-m/fpu\libnosys.a
END GROUP
LOAD c:/program files (x86)/atollic/truestudio for stm32 9.3.0/armtools/bin/../lib/gcc/arm-atollic-eabi/6.3.1/armv7e-m/fpu/crtend.o
LOAD c:/program files (x86)/atollic/truestudio for stm32 9.3.0/armtools/bin/../lib/gcc/arm-atollic-eabi/6.3.1/armv7e-m/fpu/crtn.o
                0x20028000                _estack = 0x20028000
                0x00000200                _Min_Heap_Size = 0x200
                0x00000400                _Min_Stack_Size = 0x400

.isr_vector     0x08000000      0x194
                0x08000000                . = ALIGN (0x4)
 *(.isr_vector)
 .isr_vector    0x08000000      0x194 startup\startup_stm32l452xx.o
                0x08000000                g_pfnVectors
                0x08000194                . = ALIGN (0x4)

.text           0x08000194     0x2a4c
                0x08000194                . = ALIGN (0x4)
 *(.text)
 .text          0x08000194       0x40 c:/program files (x86)/atollic/truestudio for stm32 9.3.0/armtools/bin/../lib/gcc/arm-atollic-eabi/6.3.1/armv7e-m/fpu/crtbegin.o
 .text          0x080001d4       0x30 c:/program files (x86)/atollic/truestudio for stm32 9.3.0/armtools/bin/../lib/gcc/arm-atollic-eabi/6.3.1/armv7e-m/fpu\libgcc.a(_aeabi_uldivmod.o)
                0x080001d4                __aeabi_uldivmod
 .text          0x08000204      0x2dc c:/program files (x86)/atollic/truestudio for stm32 9.3.0/armtools/bin/../lib/gcc/arm-atollic-eabi/6.3.1/armv7e-m/fpu\libgcc.a(_udivmoddi4.o)
                0x08000204                __udivmoddi4
 .text          0x080004e0        0x4 c:/program files (x86)/atollic/truestudio for stm32 9.3.0/armtools/bin/../lib/gcc/arm-atollic-eabi/6.3.1/armv7e-m/fpu\libgcc.a(_dvmd_tls.o)
                0x080004e0                __aeabi_idiv0
                0x080004e0                __aeabi_ldiv0
 *(.text*)
 .text.HAL_InitTick
                0x080004e4       0x4c Drivers\STM32L4xx_HAL_Driver\Src\stm32l4xx_hal.o
                0x080004e4                HAL_InitTick
 .text.HAL_Init
                0x08000530       0x1e Drivers\STM32L4xx_HAL_Driver\Src\stm32l4xx_hal.o
                0x08000530                HAL_Init
 *fill*         0x0800054e        0x2 
 .text.HAL_IncTick
                0x08000550       0x18 Drivers\STM32L4xx_HAL_Driver\Src\stm32l4xx_hal.o
                0x08000550                HAL_IncTick
 .text.HAL_GetTick
                0x08000568        0xc Drivers\STM32L4xx_HAL_Driver\Src\stm32l4xx_hal.o
                0x08000568                HAL_GetTick
 .text.HAL_Delay
                0x08000574       0x28 Drivers\STM32L4xx_HAL_Driver\Src\stm32l4xx_hal.o
                0x08000574                HAL_Delay
 .text.LL_ADC_SetChannelSamplingTime
                0x0800059c       0x22 Drivers\STM32L4xx_HAL_Driver\Src\stm32l4xx_hal_adc.o
 .text.LL_ADC_REG_IsConversionOngoing
                0x080005be        0x8 Drivers\STM32L4xx_HAL_Driver\Src\stm32l4xx_hal_adc.o
 *fill*         0x080005c6        0x2 
 .text.HAL_ADC_Init
                0x080005c8      0x1a4 Drivers\STM32L4xx_HAL_Driver\Src\stm32l4xx_hal_adc.o
                0x080005c8                HAL_ADC_Init
 .text.HAL_ADC_ConfigChannel
                0x0800076c      0x3d4 Drivers\STM32L4xx_HAL_Driver\Src\stm32l4xx_hal_adc.o
                0x0800076c                HAL_ADC_ConfigChannel
 .text.HAL_NVIC_SetPriorityGrouping
                0x08000b40       0x24 Drivers\STM32L4xx_HAL_Driver\Src\stm32l4xx_hal_cortex.o
                0x08000b40                HAL_NVIC_SetPriorityGrouping
 .text.HAL_NVIC_SetPriority
                0x08000b64       0x68 Drivers\STM32L4xx_HAL_Driver\Src\stm32l4xx_hal_cortex.o
                0x08000b64                HAL_NVIC_SetPriority
 .text.HAL_NVIC_EnableIRQ
                0x08000bcc       0x1c Drivers\STM32L4xx_HAL_Driver\Src\stm32l4xx_hal_cortex.o
                0x08000bcc                HAL_NVIC_EnableIRQ
 .text.HAL_SYSTICK_Config
                0x08000be8       0x2c Drivers\STM32L4xx_HAL_Driver\Src\stm32l4xx_hal_cortex.o
                0x08000be8                HAL_SYSTICK_Config
 .text.HAL_GPIO_Init
                0x08000c14      0x194 Drivers\STM32L4xx_HAL_Driver\Src\stm32l4xx_hal_gpio.o
                0x08000c14                HAL_GPIO_Init
 .text.HAL_GPIO_ReadPin
                0x08000da8        0xc Drivers\STM32L4xx_HAL_Driver\Src\stm32l4xx_hal_gpio.o
                0x08000da8                HAL_GPIO_ReadPin
 .text.HAL_GPIO_WritePin
                0x08000db4        0xa Drivers\STM32L4xx_HAL_Driver\Src\stm32l4xx_hal_gpio.o
                0x08000db4                HAL_GPIO_WritePin
 .text.HAL_GPIO_EXTI_Callback
                0x08000dbe        0x2 Drivers\STM32L4xx_HAL_Driver\Src\stm32l4xx_hal_gpio.o
                0x08000dbe                HAL_GPIO_EXTI_Callback
 .text.HAL_GPIO_EXTI_IRQHandler
                0x08000dc0       0x18 Drivers\STM32L4xx_HAL_Driver\Src\stm32l4xx_hal_gpio.o
                0x08000dc0                HAL_GPIO_EXTI_IRQHandler
 .text.HAL_I2C_Init
                0x08000dd8       0xa2 Drivers\STM32L4xx_HAL_Driver\Src\stm32l4xx_hal_i2c.o
                0x08000dd8                HAL_I2C_Init
 .text.HAL_I2CEx_ConfigAnalogFilter
                0x08000e7a       0x4c Drivers\STM32L4xx_HAL_Driver\Src\stm32l4xx_hal_i2c_ex.o
                0x08000e7a                HAL_I2CEx_ConfigAnalogFilter
 .text.HAL_I2CEx_ConfigDigitalFilter
                0x08000ec6       0x4a Drivers\STM32L4xx_HAL_Driver\Src\stm32l4xx_hal_i2c_ex.o
                0x08000ec6                HAL_I2CEx_ConfigDigitalFilter
 .text.HAL_PWREx_EnterSTOP2Mode
                0x08000f10       0x38 Drivers\STM32L4xx_HAL_Driver\Src\stm32l4xx_hal_pwr_ex.o
                0x08000f10                HAL_PWREx_EnterSTOP2Mode
 .text.HAL_RCC_GetSysClockFreq
                0x08000f48       0x9c Drivers\STM32L4xx_HAL_Driver\Src\stm32l4xx_hal_rcc.o
                0x08000f48                HAL_RCC_GetSysClockFreq
 .text.HAL_RCC_GetPCLK1Freq
                0x08000fe4       0x24 Drivers\STM32L4xx_HAL_Driver\Src\stm32l4xx_hal_rcc.o
                0x08000fe4                HAL_RCC_GetPCLK1Freq
 .text.HAL_RCC_GetPCLK2Freq
                0x08001008       0x24 Drivers\STM32L4xx_HAL_Driver\Src\stm32l4xx_hal_rcc.o
                0x08001008                HAL_RCC_GetPCLK2Freq
 .text.UART_SetConfig
                0x0800102c      0x300 Drivers\STM32L4xx_HAL_Driver\Src\stm32l4xx_hal_uart.o
                0x0800102c                UART_SetConfig
 .text.UART_AdvFeatureConfig
                0x0800132c       0xa8 Drivers\STM32L4xx_HAL_Driver\Src\stm32l4xx_hal_uart.o
                0x0800132c                UART_AdvFeatureConfig
 .text.UART_WaitOnFlagUntilTimeout
                0x080013d4       0x86 Drivers\STM32L4xx_HAL_Driver\Src\stm32l4xx_hal_uart.o
                0x080013d4                UART_WaitOnFlagUntilTimeout
 .text.UART_CheckIdleState
                0x0800145a       0x60 Drivers\STM32L4xx_HAL_Driver\Src\stm32l4xx_hal_uart.o
                0x0800145a                UART_CheckIdleState
 .text.HAL_UART_Init
                0x080014ba       0x5c Drivers\STM32L4xx_HAL_Driver\Src\stm32l4xx_hal_uart.o
                0x080014ba                HAL_UART_Init
 .text.LL_GPIO_Init
                0x08001516      0x13c Drivers\STM32L4xx_HAL_Driver\Src\stm32l4xx_ll_gpio.o
                0x08001516                LL_GPIO_Init
 *fill*         0x08001652        0x2 
 .text.LL_TIM_Init
                0x08001654       0x84 Drivers\STM32L4xx_HAL_Driver\Src\stm32l4xx_ll_tim.o
                0x08001654                LL_TIM_Init
 .text.LL_TIM_OC_Init
                0x080016d8      0x2a4 Drivers\STM32L4xx_HAL_Driver\Src\stm32l4xx_ll_tim.o
                0x080016d8                LL_TIM_OC_Init
 .text.LL_SetSystemCoreClock
                0x0800197c        0xc Drivers\STM32L4xx_HAL_Driver\Src\stm32l4xx_ll_utils.o
                0x0800197c                LL_SetSystemCoreClock
 .text.led_fill_led_pwm_data.part.0
                0x08001988       0x68 Src\NeoPixel.o
 .text.NVIC_EncodePriority.constprop.23
                0x080019f0        0x4 Src\NeoPixel.o
 .text.led_start_reset_pulse
                0x080019f4       0x8c Src\NeoPixel.o
 .text.led_update_sequence
                0x08001a80      0x11c Src\NeoPixel.o
 .text.GetNeoState
                0x08001b9c        0xc Src\NeoPixel.o
                0x08001b9c                GetNeoState
 .text.led_init
                0x08001ba8      0x194 Src\NeoPixel.o
                0x08001ba8                led_init
 .text.led_set_color
                0x08001d3c       0x24 Src\NeoPixel.o
                0x08001d3c                led_set_color
 .text.RainBow  0x08001d60      0x310 Src\NeoPixel.o
                0x08001d60                RainBow
 .text.led_set_color_all
                0x08002070       0x1c Src\NeoPixel.o
                0x08002070                led_set_color_all
 .text.led_update
                0x0800208c       0x2c Src\NeoPixel.o
                0x0800208c                led_update
 .text.TurnAllRed
                0x080020b8       0x20 Src\NeoPixel.o
                0x080020b8                TurnAllRed
 .text.TurnAllBlue
                0x080020d8       0x20 Src\NeoPixel.o
                0x080020d8                TurnAllBlue
 .text.TurnAllGreen
                0x080020f8       0x20 Src\NeoPixel.o
                0x080020f8                TurnAllGreen
 .text.TurnAllCyan
                0x08002118       0x20 Src\NeoPixel.o
                0x08002118                TurnAllCyan
 .text.TurnAllPurple
                0x08002138       0x20 Src\NeoPixel.o
                0x08002138                TurnAllPurple
 .text.TurnAllOrange
                0x08002158       0x20 Src\NeoPixel.o
                0x08002158                TurnAllOrange
 .text.TurnAllYellow
                0x08002178       0x20 Src\NeoPixel.o
                0x08002178                TurnAllYellow
 .text.TurnAllWhite
                0x08002198       0x20 Src\NeoPixel.o
                0x08002198                TurnAllWhite
 .text.TurnAllOff
                0x080021b8       0x20 Src\NeoPixel.o
                0x080021b8                TurnAllOff
 .text.NeoStateMachine
                0x080021d8       0x78 Src\NeoPixel.o
                0x080021d8                NeoStateMachine
 .text.PowerUpSword
                0x08002250       0x2c Src\NeoPixel.o
                0x08002250                PowerUpSword
 .text.PowerDownSword
                0x0800227c       0x3e Src\NeoPixel.o
                0x0800227c                PowerDownSword
 *fill*         0x080022ba        0x2 
 .text.DMA1_Channel5_IRQHandler
                0x080022bc       0x2c Src\NeoPixel.o
                0x080022bc                DMA1_Channel5_IRQHandler
 .text.SystemClock_Config
                0x080022e8      0x12c Src\PowerManage.o
                0x080022e8                SystemClock_Config
 .text.SystemSleepAndWakeup
                0x08002414       0x34 Src\PowerManage.o
                0x08002414                SystemSleepAndWakeup
 .text.debugLedOff
                0x08002448       0x10 Src\__ExegerGeneric.o
                0x08002448                debugLedOff
 .text.HeartBeatOff
                0x08002458        0x4 Src\__ExegerGeneric.o
                0x08002458                HeartBeatOff
 .text.MX_ADC1_Init
                0x0800245c       0x7c Src\adc.o
                0x0800245c                MX_ADC1_Init
 .text.HAL_ADC_MspInit
                0x080024d8       0x60 Src\adc.o
                0x080024d8                HAL_ADC_MspInit
 .text.MX_DMA_Init
                0x08002538       0x38 Src\dma.o
                0x08002538                MX_DMA_Init
 .text.MX_GPIO_Init
                0x08002570      0x15c Src\gpio.o
                0x08002570                MX_GPIO_Init
 .text.MX_I2C3_Init
                0x080026cc       0x58 Src\i2c.o
                0x080026cc                MX_I2C3_Init
 .text.HAL_I2C_MspInit
                0x08002724       0x68 Src\i2c.o
                0x08002724                HAL_I2C_MspInit
 .text.startup.main
                0x0800278c       0xfc Src\main.o
                0x0800278c                main
 .text.Error_Handler
                0x08002888        0x2 Src\main.o
                0x08002888                Error_Handler
 *fill*         0x0800288a        0x2 
 .text.HAL_MspInit
                0x0800288c       0x30 Src\stm32l4xx_hal_msp.o
                0x0800288c                HAL_MspInit
 .text.NMI_Handler
                0x080028bc        0x2 Src\stm32l4xx_it.o
                0x080028bc                NMI_Handler
 .text.HardFault_Handler
                0x080028be        0x2 Src\stm32l4xx_it.o
                0x080028be                HardFault_Handler
 .text.MemManage_Handler
                0x080028c0        0x2 Src\stm32l4xx_it.o
                0x080028c0                MemManage_Handler
 .text.BusFault_Handler
                0x080028c2        0x2 Src\stm32l4xx_it.o
                0x080028c2                BusFault_Handler
 .text.UsageFault_Handler
                0x080028c4        0x2 Src\stm32l4xx_it.o
                0x080028c4                UsageFault_Handler
 .text.SVC_Handler
                0x080028c6        0x2 Src\stm32l4xx_it.o
                0x080028c6                SVC_Handler
 .text.DebugMon_Handler
                0x080028c8        0x2 Src\stm32l4xx_it.o
                0x080028c8                DebugMon_Handler
 .text.PendSV_Handler
                0x080028ca        0x2 Src\stm32l4xx_it.o
                0x080028ca                PendSV_Handler
 .text.SysTick_Handler
                0x080028cc        0x4 Src\stm32l4xx_it.o
                0x080028cc                SysTick_Handler
 .text.EXTI0_IRQHandler
                0x080028d0       0x10 Src\stm32l4xx_it.o
                0x080028d0                EXTI0_IRQHandler
 .text.EXTI1_IRQHandler
                0x080028e0        0x6 Src\stm32l4xx_it.o
                0x080028e0                EXTI1_IRQHandler
 *fill*         0x080028e6        0x2 
 .text.SystemInit
                0x080028e8       0x48 Src\system_stm32l4xx.o
                0x080028e8                SystemInit
 .text.MX_TIM2_Init
                0x08002930      0x14c Src\tim.o
                0x08002930                MX_TIM2_Init
 .text.MX_USART2_UART_Init
                0x08002a7c       0x3c Src\usart.o
                0x08002a7c                MX_USART2_UART_Init
 .text.HAL_UART_MspInit
                0x08002ab8       0x64 Src\usart.o
                0x08002ab8                HAL_UART_MspInit
 .text.Reset_Handler
                0x08002b1c       0x50 startup\startup_stm32l452xx.o
                0x08002b1c                Reset_Handler
 .text.Default_Handler
                0x08002b6c        0x2 startup\startup_stm32l452xx.o
                0x08002b6c                RTC_Alarm_IRQHandler
                0x08002b6c                EXTI2_IRQHandler
                0x08002b6c                TIM1_CC_IRQHandler
                0x08002b6c                TSC_IRQHandler
                0x08002b6c                TAMP_STAMP_IRQHandler
                0x08002b6c                EXTI3_IRQHandler
                0x08002b6c                LPTIM2_IRQHandler
                0x08002b6c                DFSDM1_FLT1_IRQHandler
                0x08002b6c                I2C3_ER_IRQHandler
                0x08002b6c                I2C2_EV_IRQHandler
                0x08002b6c                CAN1_RX0_IRQHandler
                0x08002b6c                FPU_IRQHandler
                0x08002b6c                TIM1_UP_TIM16_IRQHandler
                0x08002b6c                SPI1_IRQHandler
                0x08002b6c                TIM6_DAC_IRQHandler
                0x08002b6c                DMA2_Channel2_IRQHandler
                0x08002b6c                DMA1_Channel4_IRQHandler
                0x08002b6c                ADC1_IRQHandler
                0x08002b6c                USART3_IRQHandler
                0x08002b6c                DMA1_Channel7_IRQHandler
                0x08002b6c                CAN1_RX1_IRQHandler
                0x08002b6c                DMA2_Channel1_IRQHandler
                0x08002b6c                QUADSPI_IRQHandler
                0x08002b6c                I2C1_EV_IRQHandler
                0x08002b6c                DMA1_Channel6_IRQHandler
                0x08002b6c                UART4_IRQHandler
                0x08002b6c                DMA2_Channel4_IRQHandler
                0x08002b6c                TIM3_IRQHandler
                0x08002b6c                RCC_IRQHandler
                0x08002b6c                TIM1_TRG_COM_IRQHandler
                0x08002b6c                DMA1_Channel1_IRQHandler
                0x08002b6c                Default_Handler
                0x08002b6c                DMA2_Channel7_IRQHandler
                0x08002b6c                EXTI15_10_IRQHandler
                0x08002b6c                SDMMC1_IRQHandler
                0x08002b6c                I2C3_EV_IRQHandler
                0x08002b6c                USB_IRQHandler
                0x08002b6c                EXTI9_5_IRQHandler
                0x08002b6c                RTC_WKUP_IRQHandler
                0x08002b6c                PVD_PVM_IRQHandler
                0x08002b6c                SPI2_IRQHandler
                0x08002b6c                CAN1_TX_IRQHandler
                0x08002b6c                DMA2_Channel5_IRQHandler
                0x08002b6c                CRS_IRQHandler
                0x08002b6c                EXTI4_IRQHandler
                0x08002b6c                RNG_IRQHandler
                0x08002b6c                DMA1_Channel3_IRQHandler
                0x08002b6c                COMP_IRQHandler
                0x08002b6c                WWDG_IRQHandler
                0x08002b6c                I2C4_EV_IRQHandler
                0x08002b6c                LPUART1_IRQHandler
                0x08002b6c                DMA2_Channel6_IRQHandler
                0x08002b6c                TIM2_IRQHandler
                0x08002b6c                USART2_IRQHandler
                0x08002b6c                DFSDM1_FLT0_IRQHandler
                0x08002b6c                I2C2_ER_IRQHandler
                0x08002b6c                DMA1_Channel2_IRQHandler
                0x08002b6c                CAN1_SCE_IRQHandler
                0x08002b6c                FLASH_IRQHandler
                0x08002b6c                USART1_IRQHandler
                0x08002b6c                SPI3_IRQHandler
                0x08002b6c                I2C1_ER_IRQHandler
                0x08002b6c                LPTIM1_IRQHandler
                0x08002b6c                I2C4_ER_IRQHandler
                0x08002b6c                SAI1_IRQHandler
                0x08002b6c                DMA2_Channel3_IRQHandler
                0x08002b6c                TIM1_BRK_TIM15_IRQHandler
 *fill*         0x08002b6e        0x2 
 .text.__libc_init_array
                0x08002b70       0x48 c:/program files (x86)/atollic/truestudio for stm32 9.3.0/armtools/bin/../lib/gcc/arm-atollic-eabi/6.3.1/../../../../arm-atollic-eabi/lib/armv7e-m/fpu\libc_nano.a(lib_a-init.o)
                0x08002b70                __libc_init_array
 .text.memset   0x08002bb8       0x10 c:/program files (x86)/atollic/truestudio for stm32 9.3.0/armtools/bin/../lib/gcc/arm-atollic-eabi/6.3.1/../../../../arm-atollic-eabi/lib/armv7e-m/fpu\libc_nano.a(lib_a-memset.o)
                0x08002bb8                memset
 *(.glue_7)
 .glue_7        0x08002bc8        0x0 linker stubs
 *(.glue_7t)
 .glue_7t       0x08002bc8        0x0 linker stubs
 *(.eh_frame)
 .eh_frame      0x08002bc8        0x0 c:/program files (x86)/atollic/truestudio for stm32 9.3.0/armtools/bin/../lib/gcc/arm-atollic-eabi/6.3.1/armv7e-m/fpu/crtbegin.o
 *(.init)
 .init          0x08002bc8        0x4 c:/program files (x86)/atollic/truestudio for stm32 9.3.0/armtools/bin/../lib/gcc/arm-atollic-eabi/6.3.1/armv7e-m/fpu/crti.o
                0x08002bc8                _init
 .init          0x08002bcc        0x8 c:/program files (x86)/atollic/truestudio for stm32 9.3.0/armtools/bin/../lib/gcc/arm-atollic-eabi/6.3.1/armv7e-m/fpu/crtn.o
 *(.fini)
 .fini          0x08002bd4        0x4 c:/program files (x86)/atollic/truestudio for stm32 9.3.0/armtools/bin/../lib/gcc/arm-atollic-eabi/6.3.1/armv7e-m/fpu/crti.o
                0x08002bd4                _fini
 .fini          0x08002bd8        0x8 c:/program files (x86)/atollic/truestudio for stm32 9.3.0/armtools/bin/../lib/gcc/arm-atollic-eabi/6.3.1/armv7e-m/fpu/crtn.o
                0x08002be0                . = ALIGN (0x4)
                0x08002be0                _etext = .

.vfp11_veneer   0x08002be0        0x0
 .vfp11_veneer  0x08002be0        0x0 linker stubs

.v4_bx          0x08002be0        0x0
 .v4_bx         0x08002be0        0x0 linker stubs

.iplt           0x08002be0        0x0
 .iplt          0x08002be0        0x0 c:/program files (x86)/atollic/truestudio for stm32 9.3.0/armtools/bin/../lib/gcc/arm-atollic-eabi/6.3.1/armv7e-m/fpu/crtbegin.o

.rodata         0x08002be0       0x4c
                0x08002be0                . = ALIGN (0x4)
 *(.rodata)
 *(.rodata*)
 .rodata.CSWTCH.52
                0x08002be0        0x4 Drivers\STM32L4xx_HAL_Driver\Src\stm32l4xx_hal_uart.o
 .rodata.CSWTCH.53
                0x08002be4        0xd Drivers\STM32L4xx_HAL_Driver\Src\stm32l4xx_hal_uart.o
 .rodata.APBPrescTable
                0x08002bf1        0x8 Src\system_stm32l4xx.o
                0x08002bf1                APBPrescTable
 *fill*         0x08002bf9        0x3 
 .rodata.MSIRangeTable
                0x08002bfc       0x30 Src\system_stm32l4xx.o
                0x08002bfc                MSIRangeTable
                0x08002c2c                . = ALIGN (0x4)

.ARM.extab
 *(.ARM.extab* .gnu.linkonce.armextab.*)

.ARM            0x08002c2c        0x8
                0x08002c2c                __exidx_start = .
 *(.ARM.exidx*)
 .ARM.exidx     0x08002c2c        0x8 c:/program files (x86)/atollic/truestudio for stm32 9.3.0/armtools/bin/../lib/gcc/arm-atollic-eabi/6.3.1/armv7e-m/fpu\libgcc.a(_udivmoddi4.o)
                0x08002c34                __exidx_end = .

.rel.dyn        0x08002c34        0x0
 .rel.iplt      0x08002c34        0x0 c:/program files (x86)/atollic/truestudio for stm32 9.3.0/armtools/bin/../lib/gcc/arm-atollic-eabi/6.3.1/armv7e-m/fpu/crtbegin.o

.preinit_array  0x08002c34        0x0
                0x08002c34                PROVIDE (__preinit_array_start, .)
 *(.preinit_array*)
                0x08002c34                PROVIDE (__preinit_array_end, .)

.init_array     0x08002c34        0x4
                0x08002c34                PROVIDE (__init_array_start, .)
 *(SORT(.init_array.*))
 *(.init_array*)
 .init_array    0x08002c34        0x4 c:/program files (x86)/atollic/truestudio for stm32 9.3.0/armtools/bin/../lib/gcc/arm-atollic-eabi/6.3.1/armv7e-m/fpu/crtbegin.o
                0x08002c38                PROVIDE (__init_array_end, .)

.fini_array     0x08002c38        0x4
                [!provide]                PROVIDE (__fini_array_start, .)
 *(SORT(.fini_array.*))
 *(.fini_array*)
 .fini_array    0x08002c38        0x4 c:/program files (x86)/atollic/truestudio for stm32 9.3.0/armtools/bin/../lib/gcc/arm-atollic-eabi/6.3.1/armv7e-m/fpu/crtbegin.o
                [!provide]                PROVIDE (__fini_array_end, .)
                0x08002c3c                _sidata = LOADADDR (.data)

.data           0x20000000        0xc load address 0x08002c3c
                0x20000000                . = ALIGN (0x4)
                0x20000000                _sdata = .
 *(.data)
 *(.data*)
 .data.uwTickFreq
                0x20000000        0x4 Drivers\STM32L4xx_HAL_Driver\Src\stm32l4xx_hal.o
                0x20000000                uwTickFreq
 .data.uwTickPrio
                0x20000004        0x4 Drivers\STM32L4xx_HAL_Driver\Src\stm32l4xx_hal.o
                0x20000004                uwTickPrio
 .data.SystemCoreClock
                0x20000008        0x4 Src\system_stm32l4xx.o
                0x20000008                SystemCoreClock
                0x2000000c                . = ALIGN (0x4)
                0x2000000c                _edata = .

.igot.plt       0x2000000c        0x0 load address 0x08002c48
 .igot.plt      0x2000000c        0x0 c:/program files (x86)/atollic/truestudio for stm32 9.3.0/armtools/bin/../lib/gcc/arm-atollic-eabi/6.3.1/armv7e-m/fpu/crtbegin.o
                0x2000000c                . = ALIGN (0x4)

.bss            0x2000000c      0x28c load address 0x08002c48
                0x2000000c                _sbss = .
                0x2000000c                __bss_start__ = _sbss
 *(.bss)
 .bss           0x2000000c       0x1c c:/program files (x86)/atollic/truestudio for stm32 9.3.0/armtools/bin/../lib/gcc/arm-atollic-eabi/6.3.1/armv7e-m/fpu/crtbegin.o
 *(.bss*)
 .bss.current_led
                0x20000028        0x4 Src\NeoPixel.o
 .bss.is_reset_pulse
                0x2000002c        0x1 Src\NeoPixel.o
 .bss.is_updating
                0x2000002d        0x1 Src\NeoPixel.o
 .bss.leds_colors
                0x2000002e       0x63 Src\NeoPixel.o
 .bss.neoColorTracker
                0x20000091        0x1 Src\NeoPixel.o
                0x20000091                neoColorTracker
 *fill*         0x20000092        0x2 
 .bss.tmp_led_data
                0x20000094       0xc0 Src\NeoPixel.o
 .bss.amountButtonPressed
                0x20000154        0x4 Src\stm32l4xx_it.o
                0x20000154                amountButtonPressed
 .bss.buttonPressed
                0x20000158        0x1 Src\stm32l4xx_it.o
                0x20000158                buttonPressed
 *(COMMON)
 *fill*         0x20000159        0x3 
 COMMON         0x2000015c        0x4 Drivers\STM32L4xx_HAL_Driver\Src\stm32l4xx_hal.o
                0x2000015c                uwTick
 COMMON         0x20000160       0x68 Src\adc.o
                0x20000160                hadc1
 COMMON         0x200001c8       0x4c Src\i2c.o
                0x200001c8                hi2c3
 COMMON         0x20000214        0x1 Src\main.o
                0x20000214                isSleeping
 *fill*         0x20000215        0x3 
 COMMON         0x20000218       0x80 Src\usart.o
                0x20000218                huart2
                0x20000298                . = ALIGN (0x4)
                0x20000298                _ebss = .
                0x20000298                __bss_end__ = _ebss

._user_heap_stack
                0x20000298      0x600 load address 0x08002c48
                0x20000298                . = ALIGN (0x4)
                0x20000298                PROVIDE (end, .)
                [!provide]                PROVIDE (_end, .)
                0x20000498                . = (. + _Min_Heap_Size)
 *fill*         0x20000298      0x200 
                0x20000898                . = (. + _Min_Stack_Size)
 *fill*         0x20000498      0x400 
                0x20000898                . = ALIGN (0x4)

/DISCARD/
 libc.a(*)
 libm.a(*)
 libgcc.a(*)

.ARM.attributes
                0x00000000       0x30
 *(.ARM.attributes)
 .ARM.attributes
                0x00000000       0x22 c:/program files (x86)/atollic/truestudio for stm32 9.3.0/armtools/bin/../lib/gcc/arm-atollic-eabi/6.3.1/armv7e-m/fpu/crti.o
 .ARM.attributes
                0x00000022       0x34 c:/program files (x86)/atollic/truestudio for stm32 9.3.0/armtools/bin/../lib/gcc/arm-atollic-eabi/6.3.1/armv7e-m/fpu/crtbegin.o
 .ARM.attributes
                0x00000056       0x39 Drivers\STM32L4xx_HAL_Driver\Src\stm32l4xx_hal.o
 .ARM.attributes
                0x0000008f       0x39 Drivers\STM32L4xx_HAL_Driver\Src\stm32l4xx_hal_adc.o
 .ARM.attributes
                0x000000c8       0x39 Drivers\STM32L4xx_HAL_Driver\Src\stm32l4xx_hal_cortex.o
 .ARM.attributes
                0x00000101       0x39 Drivers\STM32L4xx_HAL_Driver\Src\stm32l4xx_hal_gpio.o
 .ARM.attributes
                0x0000013a       0x39 Drivers\STM32L4xx_HAL_Driver\Src\stm32l4xx_hal_i2c.o
 .ARM.attributes
                0x00000173       0x39 Drivers\STM32L4xx_HAL_Driver\Src\stm32l4xx_hal_i2c_ex.o
 .ARM.attributes
                0x000001ac       0x39 Drivers\STM32L4xx_HAL_Driver\Src\stm32l4xx_hal_pwr_ex.o
 .ARM.attributes
                0x000001e5       0x39 Drivers\STM32L4xx_HAL_Driver\Src\stm32l4xx_hal_rcc.o
 .ARM.attributes
                0x0000021e       0x39 Drivers\STM32L4xx_HAL_Driver\Src\stm32l4xx_hal_uart.o
 .ARM.attributes
                0x00000257       0x39 Drivers\STM32L4xx_HAL_Driver\Src\stm32l4xx_ll_gpio.o
 .ARM.attributes
                0x00000290       0x39 Drivers\STM32L4xx_HAL_Driver\Src\stm32l4xx_ll_tim.o
 .ARM.attributes
                0x000002c9       0x39 Drivers\STM32L4xx_HAL_Driver\Src\stm32l4xx_ll_utils.o
 .ARM.attributes
                0x00000302       0x39 Src\NeoPixel.o
 .ARM.attributes
                0x0000033b       0x39 Src\PowerManage.o
 .ARM.attributes
                0x00000374       0x39 Src\__ExegerGeneric.o
 .ARM.attributes
                0x000003ad       0x39 Src\adc.o
 .ARM.attributes
                0x000003e6       0x39 Src\dma.o
 .ARM.attributes
                0x0000041f       0x39 Src\gpio.o
 .ARM.attributes
                0x00000458       0x39 Src\i2c.o
 .ARM.attributes
                0x00000491       0x39 Src\main.o
 .ARM.attributes
                0x000004ca       0x39 Src\stm32l4xx_hal_msp.o
 .ARM.attributes
                0x00000503       0x39 Src\stm32l4xx_it.o
 .ARM.attributes
                0x0000053c       0x39 Src\system_stm32l4xx.o
 .ARM.attributes
                0x00000575       0x39 Src\tim.o
 .ARM.attributes
                0x000005ae       0x39 Src\usart.o
 .ARM.attributes
                0x000005e7       0x21 startup\startup_stm32l452xx.o
 .ARM.attributes
                0x00000608       0x34 c:/program files (x86)/atollic/truestudio for stm32 9.3.0/armtools/bin/../lib/gcc/arm-atollic-eabi/6.3.1/../../../../arm-atollic-eabi/lib/armv7e-m/fpu\libc_nano.a(lib_a-init.o)
 .ARM.attributes
                0x0000063c       0x34 c:/program files (x86)/atollic/truestudio for stm32 9.3.0/armtools/bin/../lib/gcc/arm-atollic-eabi/6.3.1/../../../../arm-atollic-eabi/lib/armv7e-m/fpu\libc_nano.a(lib_a-memset.o)
 .ARM.attributes
                0x00000670       0x22 c:/program files (x86)/atollic/truestudio for stm32 9.3.0/armtools/bin/../lib/gcc/arm-atollic-eabi/6.3.1/armv7e-m/fpu\libgcc.a(_aeabi_uldivmod.o)
 .ARM.attributes
                0x00000692       0x34 c:/program files (x86)/atollic/truestudio for stm32 9.3.0/armtools/bin/../lib/gcc/arm-atollic-eabi/6.3.1/armv7e-m/fpu\libgcc.a(_udivmoddi4.o)
 .ARM.attributes
                0x000006c6       0x22 c:/program files (x86)/atollic/truestudio for stm32 9.3.0/armtools/bin/../lib/gcc/arm-atollic-eabi/6.3.1/armv7e-m/fpu\libgcc.a(_dvmd_tls.o)
 .ARM.attributes
                0x000006e8       0x22 c:/program files (x86)/atollic/truestudio for stm32 9.3.0/armtools/bin/../lib/gcc/arm-atollic-eabi/6.3.1/armv7e-m/fpu/crtn.o
OUTPUT(Zelda_SW.elf elf32-littlearm)

.debug_info     0x00000000    0x1e159
 .debug_info    0x00000000      0xcaa Drivers\STM32L4xx_HAL_Driver\Src\stm32l4xx_hal.o
 .debug_info    0x00000caa     0x26f4 Drivers\STM32L4xx_HAL_Driver\Src\stm32l4xx_hal_adc.o
 .debug_info    0x0000339e     0x1054 Drivers\STM32L4xx_HAL_Driver\Src\stm32l4xx_hal_cortex.o
 .debug_info    0x000043f2      0x999 Drivers\STM32L4xx_HAL_Driver\Src\stm32l4xx_hal_gpio.o
 .debug_info    0x00004d8b     0x39c4 Drivers\STM32L4xx_HAL_Driver\Src\stm32l4xx_hal_i2c.o
 .debug_info    0x0000874f      0xb58 Drivers\STM32L4xx_HAL_Driver\Src\stm32l4xx_hal_i2c_ex.o
 .debug_info    0x000092a7      0xb49 Drivers\STM32L4xx_HAL_Driver\Src\stm32l4xx_hal_pwr_ex.o
 .debug_info    0x00009df0      0xefe Drivers\STM32L4xx_HAL_Driver\Src\stm32l4xx_hal_rcc.o
 .debug_info    0x0000acee     0x1e5c Drivers\STM32L4xx_HAL_Driver\Src\stm32l4xx_hal_uart.o
 .debug_info    0x0000cb4a      0xc4a Drivers\STM32L4xx_HAL_Driver\Src\stm32l4xx_ll_gpio.o
 .debug_info    0x0000d794     0x1647 Drivers\STM32L4xx_HAL_Driver\Src\stm32l4xx_ll_tim.o
 .debug_info    0x0000eddb     0x1016 Drivers\STM32L4xx_HAL_Driver\Src\stm32l4xx_ll_utils.o
 .debug_info    0x0000fdf1     0x3a65 Src\NeoPixel.o
 .debug_info    0x00013856     0x1157 Src\PowerManage.o
 .debug_info    0x000149ad     0x19a3 Src\__ExegerGeneric.o
 .debug_info    0x00016350      0xe5e Src\adc.o
 .debug_info    0x000171ae      0xb4d Src\dma.o
 .debug_info    0x00017cfb      0xac9 Src\gpio.o
 .debug_info    0x000187c4      0xcf1 Src\i2c.o
 .debug_info    0x000194b5     0x1c8f Src\main.o
 .debug_info    0x0001b144      0x584 Src\stm32l4xx_hal_msp.o
 .debug_info    0x0001b6c8      0x44e Src\stm32l4xx_it.o
 .debug_info    0x0001bb16      0x715 Src\system_stm32l4xx.o
 .debug_info    0x0001c22b     0x11d3 Src\tim.o
 .debug_info    0x0001d3fe      0xcd5 Src\usart.o
 .debug_info    0x0001e0d3       0x86 startup\startup_stm32l452xx.o

.debug_abbrev   0x00000000     0x3c2b
 .debug_abbrev  0x00000000      0x28a Drivers\STM32L4xx_HAL_Driver\Src\stm32l4xx_hal.o
 .debug_abbrev  0x0000028a      0x30b Drivers\STM32L4xx_HAL_Driver\Src\stm32l4xx_hal_adc.o
 .debug_abbrev  0x00000595      0x314 Drivers\STM32L4xx_HAL_Driver\Src\stm32l4xx_hal_cortex.o
 .debug_abbrev  0x000008a9      0x1d7 Drivers\STM32L4xx_HAL_Driver\Src\stm32l4xx_hal_gpio.o
 .debug_abbrev  0x00000a80      0x351 Drivers\STM32L4xx_HAL_Driver\Src\stm32l4xx_hal_i2c.o
 .debug_abbrev  0x00000dd1      0x1b2 Drivers\STM32L4xx_HAL_Driver\Src\stm32l4xx_hal_i2c_ex.o
 .debug_abbrev  0x00000f83      0x278 Drivers\STM32L4xx_HAL_Driver\Src\stm32l4xx_hal_pwr_ex.o
 .debug_abbrev  0x000011fb      0x258 Drivers\STM32L4xx_HAL_Driver\Src\stm32l4xx_hal_rcc.o
 .debug_abbrev  0x00001453      0x31b Drivers\STM32L4xx_HAL_Driver\Src\stm32l4xx_hal_uart.o
 .debug_abbrev  0x0000176e      0x232 Drivers\STM32L4xx_HAL_Driver\Src\stm32l4xx_ll_gpio.o
 .debug_abbrev  0x000019a0      0x26a Drivers\STM32L4xx_HAL_Driver\Src\stm32l4xx_ll_tim.o
 .debug_abbrev  0x00001c0a      0x2e9 Drivers\STM32L4xx_HAL_Driver\Src\stm32l4xx_ll_utils.o
 .debug_abbrev  0x00001ef3      0x518 Src\NeoPixel.o
 .debug_abbrev  0x0000240b      0x24d Src\PowerManage.o
 .debug_abbrev  0x00002658      0x3cc Src\__ExegerGeneric.o
 .debug_abbrev  0x00002a24      0x1f7 Src\adc.o
 .debug_abbrev  0x00002c1b      0x1fa Src\dma.o
 .debug_abbrev  0x00002e15      0x18b Src\gpio.o
 .debug_abbrev  0x00002fa0      0x210 Src\i2c.o
 .debug_abbrev  0x000031b0      0x261 Src\main.o
 .debug_abbrev  0x00003411      0x12d Src\stm32l4xx_hal_msp.o
 .debug_abbrev  0x0000353e      0x168 Src\stm32l4xx_it.o
 .debug_abbrev  0x000036a6      0x14b Src\system_stm32l4xx.o
 .debug_abbrev  0x000037f1      0x22e Src\tim.o
 .debug_abbrev  0x00003a1f      0x1fa Src\usart.o
 .debug_abbrev  0x00003c19       0x12 startup\startup_stm32l452xx.o

.debug_loc      0x00000000     0xbbec
 .debug_loc     0x00000000      0x1d5 Drivers\STM32L4xx_HAL_Driver\Src\stm32l4xx_hal.o
 .debug_loc     0x000001d5     0x1832 Drivers\STM32L4xx_HAL_Driver\Src\stm32l4xx_hal_adc.o
 .debug_loc     0x00001a07      0x4fb Drivers\STM32L4xx_HAL_Driver\Src\stm32l4xx_hal_cortex.o
 .debug_loc     0x00001f02      0x2a1 Drivers\STM32L4xx_HAL_Driver\Src\stm32l4xx_hal_gpio.o
 .debug_loc     0x000021a3     0x3898 Drivers\STM32L4xx_HAL_Driver\Src\stm32l4xx_hal_i2c.o
 .debug_loc     0x00005a3b      0x1a0 Drivers\STM32L4xx_HAL_Driver\Src\stm32l4xx_hal_i2c_ex.o
 .debug_loc     0x00005bdb      0x59b Drivers\STM32L4xx_HAL_Driver\Src\stm32l4xx_hal_pwr_ex.o
 .debug_loc     0x00006176      0x61c Drivers\STM32L4xx_HAL_Driver\Src\stm32l4xx_hal_rcc.o
 .debug_loc     0x00006792     0x1a85 Drivers\STM32L4xx_HAL_Driver\Src\stm32l4xx_hal_uart.o
 .debug_loc     0x00008217      0x439 Drivers\STM32L4xx_HAL_Driver\Src\stm32l4xx_ll_gpio.o
 .debug_loc     0x00008650      0xf2c Drivers\STM32L4xx_HAL_Driver\Src\stm32l4xx_ll_tim.o
 .debug_loc     0x0000957c      0x6c8 Drivers\STM32L4xx_HAL_Driver\Src\stm32l4xx_ll_utils.o
 .debug_loc     0x00009c44     0x119c Src\NeoPixel.o
 .debug_loc     0x0000ade0      0x161 Src\PowerManage.o
 .debug_loc     0x0000af41      0x5f5 Src\__ExegerGeneric.o
 .debug_loc     0x0000b536       0x58 Src\adc.o
 .debug_loc     0x0000b58e       0x3c Src\dma.o
 .debug_loc     0x0000b5ca       0x58 Src\i2c.o
 .debug_loc     0x0000b622       0x41 Src\main.o
 .debug_loc     0x0000b663      0x1be Src\system_stm32l4xx.o
 .debug_loc     0x0000b821      0x373 Src\tim.o
 .debug_loc     0x0000bb94       0x58 Src\usart.o

.debug_aranges  0x00000000      0xdd8
 .debug_aranges
                0x00000000      0x128 Drivers\STM32L4xx_HAL_Driver\Src\stm32l4xx_hal.o
 .debug_aranges
                0x00000128       0xe8 Drivers\STM32L4xx_HAL_Driver\Src\stm32l4xx_hal_adc.o
 .debug_aranges
                0x00000210       0xa8 Drivers\STM32L4xx_HAL_Driver\Src\stm32l4xx_hal_cortex.o
 .debug_aranges
                0x000002b8       0x58 Drivers\STM32L4xx_HAL_Driver\Src\stm32l4xx_hal_gpio.o
 .debug_aranges
                0x00000310      0x240 Drivers\STM32L4xx_HAL_Driver\Src\stm32l4xx_hal_i2c.o
 .debug_aranges
                0x00000550       0x48 Drivers\STM32L4xx_HAL_Driver\Src\stm32l4xx_hal_i2c_ex.o
 .debug_aranges
                0x00000598      0x118 Drivers\STM32L4xx_HAL_Driver\Src\stm32l4xx_hal_pwr_ex.o
 .debug_aranges
                0x000006b0       0x88 Drivers\STM32L4xx_HAL_Driver\Src\stm32l4xx_hal_rcc.o
 .debug_aranges
                0x00000738      0x1b8 Drivers\STM32L4xx_HAL_Driver\Src\stm32l4xx_hal_uart.o
 .debug_aranges
                0x000008f0       0x30 Drivers\STM32L4xx_HAL_Driver\Src\stm32l4xx_ll_gpio.o
 .debug_aranges
                0x00000920       0x80 Drivers\STM32L4xx_HAL_Driver\Src\stm32l4xx_ll_tim.o
 .debug_aranges
                0x000009a0       0x68 Drivers\STM32L4xx_HAL_Driver\Src\stm32l4xx_ll_utils.o
 .debug_aranges
                0x00000a08       0xf0 Src\NeoPixel.o
 .debug_aranges
                0x00000af8       0x38 Src\PowerManage.o
 .debug_aranges
                0x00000b30       0xc8 Src\__ExegerGeneric.o
 .debug_aranges
                0x00000bf8       0x30 Src\adc.o
 .debug_aranges
                0x00000c28       0x20 Src\dma.o
 .debug_aranges
                0x00000c48       0x20 Src\gpio.o
 .debug_aranges
                0x00000c68       0x30 Src\i2c.o
 .debug_aranges
                0x00000c98       0x28 Src\main.o
 .debug_aranges
                0x00000cc0       0x20 Src\stm32l4xx_hal_msp.o
 .debug_aranges
                0x00000ce0       0x58 Src\stm32l4xx_it.o
 .debug_aranges
                0x00000d38       0x28 Src\system_stm32l4xx.o
 .debug_aranges
                0x00000d60       0x20 Src\tim.o
 .debug_aranges
                0x00000d80       0x30 Src\usart.o
 .debug_aranges
                0x00000db0       0x28 startup\startup_stm32l452xx.o

.debug_ranges   0x00000000     0x14d0
 .debug_ranges  0x00000000      0x118 Drivers\STM32L4xx_HAL_Driver\Src\stm32l4xx_hal.o
 .debug_ranges  0x00000118      0x2e8 Drivers\STM32L4xx_HAL_Driver\Src\stm32l4xx_hal_adc.o
 .debug_ranges  0x00000400      0x128 Drivers\STM32L4xx_HAL_Driver\Src\stm32l4xx_hal_cortex.o
 .debug_ranges  0x00000528       0x68 Drivers\STM32L4xx_HAL_Driver\Src\stm32l4xx_hal_gpio.o
 .debug_ranges  0x00000590      0x278 Drivers\STM32L4xx_HAL_Driver\Src\stm32l4xx_hal_i2c.o
 .debug_ranges  0x00000808       0x68 Drivers\STM32L4xx_HAL_Driver\Src\stm32l4xx_hal_i2c_ex.o
 .debug_ranges  0x00000870      0x108 Drivers\STM32L4xx_HAL_Driver\Src\stm32l4xx_hal_pwr_ex.o
 .debug_ranges  0x00000978       0x90 Drivers\STM32L4xx_HAL_Driver\Src\stm32l4xx_hal_rcc.o
 .debug_ranges  0x00000a08      0x1c0 Drivers\STM32L4xx_HAL_Driver\Src\stm32l4xx_hal_uart.o
 .debug_ranges  0x00000bc8       0x80 Drivers\STM32L4xx_HAL_Driver\Src\stm32l4xx_ll_gpio.o
 .debug_ranges  0x00000c48       0xe8 Drivers\STM32L4xx_HAL_Driver\Src\stm32l4xx_ll_tim.o
 .debug_ranges  0x00000d30       0xa0 Drivers\STM32L4xx_HAL_Driver\Src\stm32l4xx_ll_utils.o
 .debug_ranges  0x00000dd0      0x2a0 Src\NeoPixel.o
 .debug_ranges  0x00001070       0xd0 Src\PowerManage.o
 .debug_ranges  0x00001140      0x108 Src\__ExegerGeneric.o
 .debug_ranges  0x00001248       0x40 Src\adc.o
 .debug_ranges  0x00001288       0x28 Src\dma.o
 .debug_ranges  0x000012b0       0x40 Src\gpio.o
 .debug_ranges  0x000012f0       0x38 Src\i2c.o
 .debug_ranges  0x00001328       0x30 Src\main.o
 .debug_ranges  0x00001358       0x28 Src\stm32l4xx_hal_msp.o
 .debug_ranges  0x00001380       0x48 Src\stm32l4xx_it.o
 .debug_ranges  0x000013c8       0x18 Src\system_stm32l4xx.o
 .debug_ranges  0x000013e0       0x98 Src\tim.o
 .debug_ranges  0x00001478       0x38 Src\usart.o
 .debug_ranges  0x000014b0       0x20 startup\startup_stm32l452xx.o

.debug_line     0x00000000     0x9085
 .debug_line    0x00000000      0x4bf Drivers\STM32L4xx_HAL_Driver\Src\stm32l4xx_hal.o
 .debug_line    0x000004bf      0xd72 Drivers\STM32L4xx_HAL_Driver\Src\stm32l4xx_hal_adc.o
 .debug_line    0x00001231      0x495 Drivers\STM32L4xx_HAL_Driver\Src\stm32l4xx_hal_cortex.o
 .debug_line    0x000016c6      0x3e7 Drivers\STM32L4xx_HAL_Driver\Src\stm32l4xx_hal_gpio.o
 .debug_line    0x00001aad     0x19d0 Drivers\STM32L4xx_HAL_Driver\Src\stm32l4xx_hal_i2c.o
 .debug_line    0x0000347d      0x386 Drivers\STM32L4xx_HAL_Driver\Src\stm32l4xx_hal_i2c_ex.o
 .debug_line    0x00003803      0x570 Drivers\STM32L4xx_HAL_Driver\Src\stm32l4xx_hal_pwr_ex.o
 .debug_line    0x00003d73      0x5ff Drivers\STM32L4xx_HAL_Driver\Src\stm32l4xx_hal_rcc.o
 .debug_line    0x00004372      0xe8d Drivers\STM32L4xx_HAL_Driver\Src\stm32l4xx_hal_uart.o
 .debug_line    0x000051ff      0x3e7 Drivers\STM32L4xx_HAL_Driver\Src\stm32l4xx_ll_gpio.o
 .debug_line    0x000055e6      0x5b4 Drivers\STM32L4xx_HAL_Driver\Src\stm32l4xx_ll_tim.o
 .debug_line    0x00005b9a      0x4be Drivers\STM32L4xx_HAL_Driver\Src\stm32l4xx_ll_utils.o
 .debug_line    0x00006058      0x8f0 Src\NeoPixel.o
 .debug_line    0x00006948      0x3f7 Src\PowerManage.o
 .debug_line    0x00006d3f      0x61d Src\__ExegerGeneric.o
 .debug_line    0x0000735c      0x2fd Src\adc.o
 .debug_line    0x00007659      0x26d Src\dma.o
 .debug_line    0x000078c6      0x2b1 Src\gpio.o
 .debug_line    0x00007b77      0x2f6 Src\i2c.o
 .debug_line    0x00007e6d      0x426 Src\main.o
 .debug_line    0x00008293      0x243 Src\stm32l4xx_hal_msp.o
 .debug_line    0x000084d6      0x2b4 Src\stm32l4xx_it.o
 .debug_line    0x0000878a      0x278 Src\system_stm32l4xx.o
 .debug_line    0x00008a02      0x330 Src\tim.o
 .debug_line    0x00008d32      0x2d5 Src\usart.o
 .debug_line    0x00009007       0x7e startup\startup_stm32l452xx.o

.debug_str      0x00000000     0x5e2d
 .debug_str     0x00000000      0xd62 Drivers\STM32L4xx_HAL_Driver\Src\stm32l4xx_hal.o
                                0xe01 (size before relaxing)
 .debug_str     0x00000d62      0xdab Drivers\STM32L4xx_HAL_Driver\Src\stm32l4xx_hal_adc.o
                               0x12f9 (size before relaxing)
 .debug_str     0x00001b0d      0x4a1 Drivers\STM32L4xx_HAL_Driver\Src\stm32l4xx_hal_cortex.o
                                0xda2 (size before relaxing)
 .debug_str     0x00001fae      0x1b9 Drivers\STM32L4xx_HAL_Driver\Src\stm32l4xx_hal_gpio.o
                                0x78b (size before relaxing)
 .debug_str     0x00002167      0xb15 Drivers\STM32L4xx_HAL_Driver\Src\stm32l4xx_hal_i2c.o
                               0x1185 (size before relaxing)
 .debug_str     0x00002c7c       0xf3 Drivers\STM32L4xx_HAL_Driver\Src\stm32l4xx_hal_i2c_ex.o
                                0xb01 (size before relaxing)
 .debug_str     0x00002d6f      0x4b8 Drivers\STM32L4xx_HAL_Driver\Src\stm32l4xx_hal_pwr_ex.o
                                0x9c3 (size before relaxing)
 .debug_str     0x00003227      0x398 Drivers\STM32L4xx_HAL_Driver\Src\stm32l4xx_hal_rcc.o
                                0xa32 (size before relaxing)
 .debug_str     0x000035bf      0x926 Drivers\STM32L4xx_HAL_Driver\Src\stm32l4xx_hal_uart.o
                               0x113c (size before relaxing)
 .debug_str     0x00003ee5      0x161 Drivers\STM32L4xx_HAL_Driver\Src\stm32l4xx_ll_gpio.o
                                0x714 (size before relaxing)
 .debug_str     0x00004046      0x6b4 Drivers\STM32L4xx_HAL_Driver\Src\stm32l4xx_ll_tim.o
                                0xc51 (size before relaxing)
 .debug_str     0x000046fa      0x41e Drivers\STM32L4xx_HAL_Driver\Src\stm32l4xx_ll_utils.o
                                0xa83 (size before relaxing)
 .debug_str     0x00004b18      0x9f8 Src\NeoPixel.o
                               0x1804 (size before relaxing)
 .debug_str     0x00005510      0x324 Src\PowerManage.o
                                0xbbb (size before relaxing)
 .debug_str     0x00005834      0x338 Src\__ExegerGeneric.o
                               0x1033 (size before relaxing)
 .debug_str     0x00005b6c       0x2a Src\adc.o
                                0xb4b (size before relaxing)
 .debug_str     0x00005b96       0x19 Src\dma.o
                                0xb57 (size before relaxing)
 .debug_str     0x00005baf        0xe Src\gpio.o
                                0xad5 (size before relaxing)
 .debug_str     0x00005bbd       0x2a Src\i2c.o
                                0xb4a (size before relaxing)
 .debug_str     0x00005be7       0x78 Src\main.o
                               0x14b5 (size before relaxing)
 .debug_str     0x00005c5f       0x1b Src\stm32l4xx_hal_msp.o
                                0x5b3 (size before relaxing)
 .debug_str     0x00005c7a       0xc8 Src\stm32l4xx_it.o
                                0x555 (size before relaxing)
 .debug_str     0x00005d42       0x3b Src\system_stm32l4xx.o
                                0x5de (size before relaxing)
 .debug_str     0x00005d7d       0x96 Src\tim.o
                                0xab7 (size before relaxing)
 .debug_str     0x00005e13       0x1a Src\usart.o
                                0xa4c (size before relaxing)

.comment        0x00000000       0x7c
 .comment       0x00000000       0x7c Drivers\STM32L4xx_HAL_Driver\Src\stm32l4xx_hal.o
                                 0x7d (size before relaxing)
 .comment       0x0000007c       0x7d Drivers\STM32L4xx_HAL_Driver\Src\stm32l4xx_hal_adc.o
 .comment       0x0000007c       0x7d Drivers\STM32L4xx_HAL_Driver\Src\stm32l4xx_hal_cortex.o
 .comment       0x0000007c       0x7d Drivers\STM32L4xx_HAL_Driver\Src\stm32l4xx_hal_gpio.o
 .comment       0x0000007c       0x7d Drivers\STM32L4xx_HAL_Driver\Src\stm32l4xx_hal_i2c.o
 .comment       0x0000007c       0x7d Drivers\STM32L4xx_HAL_Driver\Src\stm32l4xx_hal_i2c_ex.o
 .comment       0x0000007c       0x7d Drivers\STM32L4xx_HAL_Driver\Src\stm32l4xx_hal_pwr_ex.o
 .comment       0x0000007c       0x7d Drivers\STM32L4xx_HAL_Driver\Src\stm32l4xx_hal_rcc.o
 .comment       0x0000007c       0x7d Drivers\STM32L4xx_HAL_Driver\Src\stm32l4xx_hal_uart.o
 .comment       0x0000007c       0x7d Drivers\STM32L4xx_HAL_Driver\Src\stm32l4xx_ll_gpio.o
 .comment       0x0000007c       0x7d Drivers\STM32L4xx_HAL_Driver\Src\stm32l4xx_ll_tim.o
 .comment       0x0000007c       0x7d Drivers\STM32L4xx_HAL_Driver\Src\stm32l4xx_ll_utils.o
 .comment       0x0000007c       0x7d Src\NeoPixel.o
 .comment       0x0000007c       0x7d Src\PowerManage.o
 .comment       0x0000007c       0x7d Src\__ExegerGeneric.o
 .comment       0x0000007c       0x7d Src\adc.o
 .comment       0x0000007c       0x7d Src\dma.o
 .comment       0x0000007c       0x7d Src\gpio.o
 .comment       0x0000007c       0x7d Src\i2c.o
 .comment       0x0000007c       0x7d Src\main.o
 .comment       0x0000007c       0x7d Src\stm32l4xx_hal_msp.o
 .comment       0x0000007c       0x7d Src\stm32l4xx_it.o
 .comment       0x0000007c       0x7d Src\system_stm32l4xx.o
 .comment       0x0000007c       0x7d Src\tim.o
 .comment       0x0000007c       0x7d Src\usart.o

.debug_frame    0x00000000     0x2600
 .debug_frame   0x00000000      0x280 Drivers\STM32L4xx_HAL_Driver\Src\stm32l4xx_hal.o
 .debug_frame   0x00000280      0x314 Drivers\STM32L4xx_HAL_Driver\Src\stm32l4xx_hal_adc.o
 .debug_frame   0x00000594      0x158 Drivers\STM32L4xx_HAL_Driver\Src\stm32l4xx_hal_cortex.o
 .debug_frame   0x000006ec       0xd8 Drivers\STM32L4xx_HAL_Driver\Src\stm32l4xx_hal_gpio.o
 .debug_frame   0x000007c4      0x8fc Drivers\STM32L4xx_HAL_Driver\Src\stm32l4xx_hal_i2c.o
 .debug_frame   0x000010c0       0x90 Drivers\STM32L4xx_HAL_Driver\Src\stm32l4xx_hal_i2c_ex.o
 .debug_frame   0x00001150      0x238 Drivers\STM32L4xx_HAL_Driver\Src\stm32l4xx_hal_pwr_ex.o
 .debug_frame   0x00001388      0x160 Drivers\STM32L4xx_HAL_Driver\Src\stm32l4xx_hal_rcc.o
 .debug_frame   0x000014e8      0x588 Drivers\STM32L4xx_HAL_Driver\Src\stm32l4xx_hal_uart.o
 .debug_frame   0x00001a70       0x54 Drivers\STM32L4xx_HAL_Driver\Src\stm32l4xx_ll_gpio.o
 .debug_frame   0x00001ac4      0x118 Drivers\STM32L4xx_HAL_Driver\Src\stm32l4xx_ll_tim.o
 .debug_frame   0x00001bdc      0x110 Drivers\STM32L4xx_HAL_Driver\Src\stm32l4xx_ll_utils.o
 .debug_frame   0x00001cec      0x2e4 Src\NeoPixel.o
 .debug_frame   0x00001fd0       0x78 Src\PowerManage.o
 .debug_frame   0x00002048      0x200 Src\__ExegerGeneric.o
 .debug_frame   0x00002248       0x58 Src\adc.o
 .debug_frame   0x000022a0       0x28 Src\dma.o
 .debug_frame   0x000022c8       0x34 Src\gpio.o
 .debug_frame   0x000022fc       0x60 Src\i2c.o
 .debug_frame   0x0000235c       0x44 Src\main.o
 .debug_frame   0x000023a0       0x28 Src\stm32l4xx_hal_msp.o
 .debug_frame   0x000023c8       0xc0 Src\stm32l4xx_it.o
 .debug_frame   0x00002488       0x38 Src\system_stm32l4xx.o
 .debug_frame   0x000024c0       0x34 Src\tim.o
 .debug_frame   0x000024f4       0x60 Src\usart.o
 .debug_frame   0x00002554       0x2c c:/program files (x86)/atollic/truestudio for stm32 9.3.0/armtools/bin/../lib/gcc/arm-atollic-eabi/6.3.1/../../../../arm-atollic-eabi/lib/armv7e-m/fpu\libc_nano.a(lib_a-init.o)
 .debug_frame   0x00002580       0x20 c:/program files (x86)/atollic/truestudio for stm32 9.3.0/armtools/bin/../lib/gcc/arm-atollic-eabi/6.3.1/../../../../arm-atollic-eabi/lib/armv7e-m/fpu\libc_nano.a(lib_a-memset.o)
 .debug_frame   0x000025a0       0x2c c:/program files (x86)/atollic/truestudio for stm32 9.3.0/armtools/bin/../lib/gcc/arm-atollic-eabi/6.3.1/armv7e-m/fpu\libgcc.a(_aeabi_uldivmod.o)
 .debug_frame   0x000025cc       0x34 c:/program files (x86)/atollic/truestudio for stm32 9.3.0/armtools/bin/../lib/gcc/arm-atollic-eabi/6.3.1/armv7e-m/fpu\libgcc.a(_udivmoddi4.o)
