sara.c:20:6:USART2_Callback	0	static
sara.c:184:10:SaraWaitForResponse	32	static
sara.c:279:6:SaraSendCommand	8	static
sara.c:305:9:SaraCheckCommand	280	static
sara.c:49:9:SaraIsAlive	0	static
sara.c:55:9:StartUpSara	8	static
sara.c:136:9:SaraPowerDown	0	static
sara.c:142:9:SaraDisableEchoMode	8	static
sara.c:159:9:SaraCheckSimStatus	0	static
sara.c:111:9:SaraInitAtCommands	8	static
sara.c:168:9:SaraSetCFUN	32	static
sara.c:178:9:SaraReboot	0	static
sara.c:338:6:SARA_getRealTimeClock	72	static
sara.c:369:9:GMTcalculator	56	static
sara.c:403:9:SaraCompareRealTimeClock	96	static
sara.c:506:9:SaraGetSignalStrength	1080	dynamic
sara.c:573:6:SaraClearBuffer	0	static
sara.c:471:9:SaraGetRSSI	1072	static
sara.c:584:6:InitErrorStruct	0	static
sara.c:621:6:InitSaraStruct	8	static
sara.c:640:6:InitTimeStruct	16	static
