StateMachine.c:66:13:StartTurnOffCounter	8	static
StateMachine.c:72:16:CompareTurnOffTimers	8	static
StateMachine.c:89:16:ResetRadio	8	static
StateMachine.c:33:14:GetSensorState	0	static
StateMachine.c:39:14:SetSensorState	0	static
StateMachine.c:45:6:SensorResetState	0	static
StateMachine.c:54:13:GetRadioState	0	static
StateMachine.c:60:13:SetRadioState	0	static
StateMachine.c:108:6:RadioResetState	40	static
StateMachine.c:186:6:RadioFirstRunFinished	16	static
StateMachine.c:1218:6:RadioStateMachine	312	static
StateMachine.c:1513:6:SensorStateMachine	48	static
StateMachine.c:1555:6:SleepStateMachine	8	static
