__ExegerGeneric.c:198:5:_write	32	static
__ExegerGeneric.c:218:6:dPrint	16	static
__ExegerGeneric.c:232:6:debugPrint	16	static
__ExegerGeneric.c:411:6:HeartBeatLedBlinky	16	static
__ExegerGeneric.c:425:6:HeartBeatToggle	8	static
__ExegerGeneric.c:435:6:HeartBeatOn	8	static
__ExegerGeneric.c:445:6:HeartBeatOff	8	static
__ExegerGeneric.c:455:6:debugLedToggle	8	static
__ExegerGeneric.c:465:6:debugLedOn	8	static
__ExegerGeneric.c:475:6:debugLedOff	8	static
__ExegerGeneric.c:574:6:Set_bit_bc	16	static
__ExegerGeneric.c:586:6:Set_bit	16	static
__ExegerGeneric.c:596:6:Clear_bit_bc	16	static
__ExegerGeneric.c:609:6:Clear_bit	16	static
__ExegerGeneric.c:620:9:Check_bit	16	static
__ExegerGeneric.c:632:9:IsCharHex	16	static
__ExegerGeneric.c:674:7:GetInfoStruct	4	static
__ExegerGeneric.c:684:7:GetTempInfoStruct	4	static
__ExegerGeneric.c:694:6:InitInfoStruct	24	static
__ExegerGeneric.c:718:6:ResetInfoStruct	24	static
__ExegerGeneric.c:748:6:InfoLogAdd	24	static
__ExegerGeneric.c:792:10:InfoGetSize	24	static
__ExegerGeneric.c:803:6:InfoPrintLog	72	static
__ExegerGeneric.c:828:6:CopyTempToInfo	24	static
__ExegerGeneric.c:866:9:CheckForErrorInInfoStruct	16	static
