stm32l4xx_ll_rcc.h:2487:22:LL_RCC_MSI_Enable	4	static
stm32l4xx_ll_rcc.h:2507:26:LL_RCC_MSI_IsReady	4	static
stm32l4xx_ll_rcc.h:2546:22:LL_RCC_MSI_EnableRangeSelection	4	static
stm32l4xx_ll_rcc.h:2579:22:LL_RCC_MSI_SetRange	16	static
stm32l4xx_ll_rcc.h:2654:22:LL_RCC_MSI_SetCalibTrimming	16	static
stm32l4xx_ll_rcc.h:2740:22:LL_RCC_SetSysClkSource	16	static
stm32l4xx_ll_rcc.h:2754:26:LL_RCC_GetSysClkSource	4	static
stm32l4xx_ll_rcc.h:2774:22:LL_RCC_SetAHBPrescaler	16	static
stm32l4xx_ll_rcc.h:2790:22:LL_RCC_SetAPB1Prescaler	16	static
stm32l4xx_ll_rcc.h:2806:22:LL_RCC_SetAPB2Prescaler	16	static
stm32l4xx_ll_rcc.h:2950:22:LL_RCC_SetUSARTClockSource	16	static
stm32l4xx_ll_rcc.h:3153:22:LL_RCC_SetADCClockSource	16	static
stm32l4xx_ll_rcc.h:3731:22:LL_RCC_PLL_Enable	4	static
stm32l4xx_ll_rcc.h:3752:26:LL_RCC_PLL_IsReady	4	static
stm32l4xx_ll_rcc.h:3798:22:LL_RCC_PLL_ConfigDomain_SYS	24	static
stm32l4xx_ll_rcc.h:4176:22:LL_RCC_PLL_EnableDomain_SYS	4	static
stm32l4xx_ll_rcc.h:4209:22:LL_RCC_PLLSAI1_Enable	4	static
stm32l4xx_ll_rcc.h:4229:26:LL_RCC_PLLSAI1_IsReady	4	static
stm32l4xx_ll_rcc.h:4574:22:LL_RCC_PLLSAI1_ConfigDomain_ADC	24	static
stm32l4xx_ll_rcc.h:4754:22:LL_RCC_PLLSAI1_EnableDomain_ADC	4	static
stm32l4xx_ll_system.h:1400:22:LL_FLASH_SetLatency	16	static
stm32l4xx_ll_system.h:1428:26:LL_FLASH_GetLatency	4	static
stm32l4xx_ll_pwr.h:344:22:LL_PWR_SetRegulVoltageScaling	16	static
stm32l4xx_ll_usart.h:3457:22:LL_USART_ClearFlag_ORE	16	static
stm32l4xx_ll_usart.h:3645:22:LL_USART_EnableIT_RXNE	16	static
main.c:80:5:main	8	static
main.c:231:6:SystemClock_Config	8	static
main.c:291:6:SystemPower_Config	16	static
main.c:306:6:SystemSleepAndWakeup	8	static
main.c:331:6:Error_Handler	4	static
