core_cm4.h:1676:26:__NVIC_GetPriorityGrouping	4	static
core_cm4.h:1688:22:__NVIC_EnableIRQ	16	static
core_cm4.h:1816:22:__NVIC_SetPriority	16	static
core_cm4.h:1863:26:NVIC_EncodePriority	40	static
stm32l4xx_ll_dma.h:557:22:LL_DMA_EnableChannel	24	static
stm32l4xx_ll_dma.h:577:22:LL_DMA_DisableChannel	24	static
stm32l4xx_ll_dma.h:660:22:LL_DMA_SetDataTransferDirection	32	static
stm32l4xx_ll_dma.h:711:22:LL_DMA_SetMode	32	static
stm32l4xx_ll_dma.h:758:22:LL_DMA_SetPeriphIncMode	32	static
stm32l4xx_ll_dma.h:805:22:LL_DMA_SetMemoryIncMode	32	static
stm32l4xx_ll_dma.h:853:22:LL_DMA_SetPeriphSize	32	static
stm32l4xx_ll_dma.h:902:22:LL_DMA_SetMemorySize	32	static
stm32l4xx_ll_dma.h:952:22:LL_DMA_SetChannelPriorityLevel	32	static
stm32l4xx_ll_dma.h:1001:22:LL_DMA_SetDataLength	32	static
stm32l4xx_ll_dma.h:1089:22:LL_DMA_SetMemoryAddress	32	static
stm32l4xx_ll_dma.h:1112:22:LL_DMA_SetPeriphAddress	32	static
stm32l4xx_ll_dma.h:1512:22:LL_DMA_SetPeriphRequest	32	static
stm32l4xx_ll_dma.h:1688:26:LL_DMA_IsActiveFlag_TC5	16	static
stm32l4xx_ll_dma.h:1765:26:LL_DMA_IsActiveFlag_HT5	16	static
stm32l4xx_ll_dma.h:1996:22:LL_DMA_ClearFlag_TC5	16	static
stm32l4xx_ll_dma.h:2073:22:LL_DMA_ClearFlag_HT5	16	static
stm32l4xx_ll_dma.h:2198:22:LL_DMA_EnableIT_TC	24	static
stm32l4xx_ll_dma.h:2218:22:LL_DMA_EnableIT_HT	24	static
stm32l4xx_ll_dma.h:2278:22:LL_DMA_DisableIT_HT	24	static
stm32l4xx_ll_bus.h:329:22:LL_AHB1_GRP1_EnableClock	24	static
stm32l4xx_ll_bus.h:565:22:LL_AHB2_GRP1_EnableClock	24	static
stm32l4xx_ll_bus.h:1089:22:LL_APB1_GRP1_EnableClock	24	static
stm32l4xx_ll_tim.h:1423:22:LL_TIM_EnableCounter	16	static
stm32l4xx_ll_tim.h:1747:26:LL_TIM_GetAutoReload	16	static
stm32l4xx_ll_tim.h:1935:22:LL_TIM_CC_EnableChannel	16	static
stm32l4xx_ll_tim.h:1964:22:LL_TIM_CC_DisableChannel	16	static
stm32l4xx_ll_tim.h:2308:22:LL_TIM_OC_DisableFast	24	static
stm32l4xx_ll_tim.h:2360:22:LL_TIM_OC_EnablePreload	24	static
stm32l4xx_ll_tim.h:2530:22:LL_TIM_OC_SetCompareCH1	16	static
stm32l4xx_ll_tim.h:3223:22:LL_TIM_SetTriggerOutput	16	static
stm32l4xx_ll_tim.h:3320:22:LL_TIM_DisableMasterSlaveMode	16	static
stm32l4xx_ll_tim.h:4669:22:LL_TIM_EnableDMAReq_CC1	16	static
NeoPixel.c:31:6:SetNeoState	16	static
NeoPixel.c:36:11:GetNeoState	4	static
NeoPixel.c:41:6:SetNeoIntensityState	16	static
NeoPixel.c:46:11:GetNeoIntensityState	4	static
NeoPixel.c:52:13:NeoStateFromBLE	208	static
NeoPixel.c:139:6:NeoStateMachine	16	static
NeoPixel.c:181:6:SetNeoColor	16	static
NeoPixel.c:188:6:UpdateIntensity	16	static
NeoPixel.c:214:6:UpdateNeoColor	24	static
NeoPixel.c:229:6:NeoBatteryLevelLight	16	static
NeoPixel.c:245:6:InitRainbows	4	static
NeoPixel.c:269:6:UpdateRainbowWarm	24	static
NeoPixel.c:320:6:TestRainbow	24	static
NeoPixel.c:329:6:UpdateRainbowCold	24	static
NeoPixel.c:379:6:UpdateRainbow	4	static
NeoPixel.c:385:6:TurnAllOff	16	static
NeoPixel.c:395:6:PowerUpSword	16	static
NeoPixel.c:420:6:PowerDownSword	16	static
NeoPixel.c:438:1:led_init	88	static
NeoPixel.c:516:1:led_set_color	16	static
NeoPixel.c:530:1:led_set_color_all	24	static
NeoPixel.c:545:1:led_set_color_rgb	16	static
NeoPixel.c:558:1:led_set_color_all_rgb	24	static
NeoPixel.c:574:1:led_is_update_finished	4	static
NeoPixel.c:584:1:led_update	16	static
NeoPixel.c:604:1:led_fill_led_pwm_data	24	static
NeoPixel.c:631:1:led_update_sequence	16	static
NeoPixel.c:731:16:led_start_reset_pulse	16	static
NeoPixel.c:761:1:DMA1_Channel5_IRQHandler	8	static
