stm32l4xx_ll_dma.h:660:22:LL_DMA_SetDataTransferDirection	32	static
stm32l4xx_ll_dma.h:711:22:LL_DMA_SetMode	32	static
stm32l4xx_ll_dma.h:758:22:LL_DMA_SetPeriphIncMode	32	static
stm32l4xx_ll_dma.h:805:22:LL_DMA_SetMemoryIncMode	32	static
stm32l4xx_ll_dma.h:853:22:LL_DMA_SetPeriphSize	32	static
stm32l4xx_ll_dma.h:902:22:LL_DMA_SetMemorySize	32	static
stm32l4xx_ll_dma.h:952:22:LL_DMA_SetChannelPriorityLevel	32	static
stm32l4xx_ll_dma.h:1512:22:LL_DMA_SetPeriphRequest	32	static
stm32l4xx_ll_bus.h:565:22:LL_AHB2_GRP1_EnableClock	24	static
stm32l4xx_ll_bus.h:1089:22:LL_APB1_GRP1_EnableClock	24	static
stm32l4xx_ll_tim.h:1605:22:LL_TIM_DisableARRPreload	16	static
stm32l4xx_ll_tim.h:2308:22:LL_TIM_OC_DisableFast	24	static
stm32l4xx_ll_tim.h:2360:22:LL_TIM_OC_EnablePreload	24	static
stm32l4xx_ll_tim.h:3140:22:LL_TIM_DisableExternalClock	16	static
stm32l4xx_ll_tim.h:3223:22:LL_TIM_SetTriggerOutput	16	static
stm32l4xx_ll_tim.h:3320:22:LL_TIM_DisableMasterSlaveMode	16	static
stm32l4xx_ll_tim.h:3373:22:LL_TIM_ConfigETR	24	static
stm32l4xx_ll_tim.h:3989:22:LL_TIM_SetOCRefClearInputSource	16	static
tim.c:28:6:MX_TIM2_Init	88	static
