stm32l4xx_ll_rcc.h:2145:26:LL_RCC_HSI_IsReady	0	static
stm32l4xx_ll_rcc.h:2360:26:LL_RCC_LSE_IsReady	0	static
stm32l4xx_ll_rcc.h:2556:26:LL_RCC_MSI_IsEnabledRangeSelect	0	static
stm32l4xx_ll_rcc.h:3356:26:LL_RCC_GetI2CClockSource	0	static
stm32l4xx_ll_rcc.c:192:13:LL_RCC_DeInit	8	static
stm32l4xx_ll_rcc.c:1500:10:RCC_GetHCLKClockFreq	0	static
stm32l4xx_ll_rcc.c:1511:10:RCC_GetPCLK1ClockFreq	0	static
stm32l4xx_ll_rcc.c:1522:10:RCC_GetPCLK2ClockFreq	0	static
stm32l4xx_ll_rcc.c:1532:10:RCC_PLL_GetFreqDomain_SYS	8	static
stm32l4xx_ll_rcc.c:1458:10:RCC_GetSystemClockFreq	8	static
stm32l4xx_ll_rcc.c:329:6:LL_RCC_GetSystemClocksFreq	8	static
stm32l4xx_ll_rcc.c:355:10:LL_RCC_GetUSARTClockFreq	8	static
stm32l4xx_ll_rcc.c:472:10:LL_RCC_GetUARTClockFreq	8	static
stm32l4xx_ll_rcc.c:563:10:LL_RCC_GetI2CClockFreq	8	static
stm32l4xx_ll_rcc.c:688:10:LL_RCC_GetLPUARTClockFreq	8	static
stm32l4xx_ll_rcc.c:735:10:LL_RCC_GetLPTIMClockFreq	8	static
stm32l4xx_ll_rcc.c:1263:10:LL_RCC_GetDFSDMClockFreq	8	static
stm32l4xx_ll_rcc.c:1574:10:RCC_PLL_GetFreqDomain_SAI	8	static
stm32l4xx_ll_rcc.c:1616:10:RCC_PLL_GetFreqDomain_48M	8	static
stm32l4xx_ll_rcc.c:1700:10:RCC_PLLSAI1_GetFreqDomain_SAI	8	static
stm32l4xx_ll_rcc.c:847:10:LL_RCC_GetSAIClockFreq	0	static
stm32l4xx_ll_rcc.c:1744:10:RCC_PLLSAI1_GetFreqDomain_48M	8	static
stm32l4xx_ll_rcc.c:1115:10:LL_RCC_GetUSBClockFreq	8	static
stm32l4xx_ll_rcc.c:1049:10:LL_RCC_GetRNGClockFreq	0	static
stm32l4xx_ll_rcc.c:984:10:LL_RCC_GetSDMMCClockFreq	0	static
stm32l4xx_ll_rcc.c:1788:10:RCC_PLLSAI1_GetFreqDomain_ADC	8	static
stm32l4xx_ll_rcc.c:1178:10:LL_RCC_GetADCClockFreq	0	static
