stm32l4xx_ll_usb.c:1819:19:USB_CoreInit	0	static
stm32l4xx_ll_usb.c:1839:19:USB_EnableGlobalInt	0	static
stm32l4xx_ll_usb.c:1861:19:USB_DisableGlobalInt	0	static
stm32l4xx_ll_usb.c:1885:19:USB_SetCurrentMode	0	static
stm32l4xx_ll_usb.c:1906:19:USB_DevInit	8	static
stm32l4xx_ll_usb.c:1937:19:USB_SetDevSpeed	0	static
stm32l4xx_ll_usb.c:1959:19:USB_FlushTxFifo	0	static
stm32l4xx_ll_usb.c:1978:19:USB_FlushRxFifo	0	static
stm32l4xx_ll_usb.c:1997:19:USB_ActivateEndpoint	20	static
stm32l4xx_ll_usb.c:2113:19:USB_DeactivateEndpoint	8	static
stm32l4xx_ll_usb.c:2254:19:USB_WritePacket	0	static
stm32l4xx_ll_usb.c:2276:7:USB_ReadPacket	0	static
stm32l4xx_ll_usb.c:2295:19:USB_EPSetStall	0	static
stm32l4xx_ll_usb.c:2315:19:USB_EPClearStall	0	static
stm32l4xx_ll_usb.c:2346:19:USB_StopDevice	0	static
stm32l4xx_ll_usb.c:2367:20:USB_SetDevAddress	0	static
stm32l4xx_ll_usb.c:2383:20:USB_DevConnect	0	static
stm32l4xx_ll_usb.c:2396:20:USB_DevDisconnect	0	static
stm32l4xx_ll_usb.c:2409:11:USB_ReadInterrupts	0	static
stm32l4xx_ll_usb.c:2422:10:USB_ReadDevAllOutEpInterrupt	0	static
stm32l4xx_ll_usb.c:2438:10:USB_ReadDevAllInEpInterrupt	0	static
stm32l4xx_ll_usb.c:2456:10:USB_ReadDevOutEPInterrupt	0	static
stm32l4xx_ll_usb.c:2475:10:USB_ReadDevInEPInterrupt	0	static
stm32l4xx_ll_usb.c:2493:7:USB_ClearInterrupts	0	static
stm32l4xx_ll_usb.c:2510:19:USB_EP0_OutStart	0	static
stm32l4xx_ll_usb.c:2527:19:USB_ActivateRemoteWakeup	0	static
stm32l4xx_ll_usb.c:2539:19:USB_DeActivateRemoteWakeup	0	static
stm32l4xx_ll_usb.c:2553:6:USB_WritePMA	0	static
stm32l4xx_ll_usb.c:2166:19:USB_EPStartXfer	16	static
stm32l4xx_ll_usb.c:2587:6:USB_ReadPMA	20	static
