__ExegerGeneric.c:202:5:_write	32	static
__ExegerGeneric.c:222:6:dPrint	16	static
__ExegerGeneric.c:236:6:debugPrint	16	static
__ExegerGeneric.c:415:6:HeartBeatLedBlinky	16	static
__ExegerGeneric.c:429:6:HeartBeatToggle	8	static
__ExegerGeneric.c:439:6:HeartBeatOn	8	static
__ExegerGeneric.c:449:6:HeartBeatOff	8	static
__ExegerGeneric.c:459:6:debugLedToggle	8	static
__ExegerGeneric.c:469:6:debugLedOn	8	static
__ExegerGeneric.c:479:6:debugLedOff	8	static
__ExegerGeneric.c:514:9:SetRtcTime	40	static
__ExegerGeneric.c:536:10:RTC_Get_DateTime_Comp	40	static
__ExegerGeneric.c:578:6:Set_bit_bc	16	static
__ExegerGeneric.c:590:6:Set_bit	16	static
__ExegerGeneric.c:600:6:Clear_bit_bc	16	static
__ExegerGeneric.c:613:6:Clear_bit	16	static
__ExegerGeneric.c:624:9:Check_bit	16	static
__ExegerGeneric.c:636:9:IsCharHex	16	static
__ExegerGeneric.c:678:7:GetInfoStruct	4	static
__ExegerGeneric.c:688:7:GetTempInfoStruct	4	static
__ExegerGeneric.c:698:6:InitInfoStruct	24	static
__ExegerGeneric.c:722:6:ResetInfoStruct	24	static
__ExegerGeneric.c:752:6:InfoLogAdd	24	static
__ExegerGeneric.c:796:10:InfoGetSize	24	static
__ExegerGeneric.c:807:6:InfoPrintLog	72	static
__ExegerGeneric.c:832:6:CopyTempToInfo	24	static
__ExegerGeneric.c:870:9:CheckForErrorInInfoStruct	16	static
__ExegerGeneric.c:903:6:RefreshWatchDogCounter	8	static
