_AS726X.c:14:9:AS726X_begin	40	static
_AS726X.c:44:9:AS726X_Get_HW_No	8	static
_AS726X.c:53:6:AS726X_setMeasurementMode	24	static
_AS726X.c:70:6:AS726X_setGain	24	static
_AS726X.c:88:6:AS726X_setIntegrationTime	16	static
_AS726X.c:97:6:AS726X_enableInterrupt	16	static
_AS726X.c:108:6:AS726X_disableInterrupt	16	static
_AS726X.c:115:9:AS726X_virtualReadRegister	48	static
_AS726X.c:200:9:AS726X_readRegister	32	static
_AS726X.c:217:6:AS726X_virtualWriteRegister	48	static
_AS726X.c:266:6:AS726X_writeRegister	56	static
_AS726X.c:285:6:AS726X_takeMeasurements	40	static
_AS726X.c:325:6:AS726X_takeMeasurementsRaw	40	static
_AS726X.c:348:6:AS726X_getSpectrum	16	static
_AS726X.c:358:6:AS726X_getSpectrum_norm	16	static
_AS726X.c:368:6:AS726X_getSpectrumRaw	16	static
_AS726X.c:378:6:AS726X_getSpectrumRaw_norm	16	static
_AS726X.c:389:9:AS726X_dataAvailable	16	static
_AS726X.c:397:9:AS726X_clearDataAvailable	16	static
_AS726X.c:407:10:AS726X_getViolet	8	static
_AS726X.c:411:10:AS726X_getBlue	8	static
_AS726X.c:415:10:AS726X_getGreen	8	static
_AS726X.c:419:10:AS726X_getYellow	8	static
_AS726X.c:423:10:AS726X_getOrange	8	static
_AS726X.c:427:10:AS726X_getRed	8	static
_AS726X.c:433:10:AS726X_getChannel	24	static
_AS726X.c:441:7:AS726X_getCalibratedViolet	8	static
_AS726X.c:445:7:AS726X_getCalibratedBlue	8	static
_AS726X.c:449:7:AS726X_getCalibratedGreen	8	static
_AS726X.c:453:7:AS726X_getCalibratedYellow	8	static
_AS726X.c:457:7:AS726X_getCalibratedOrange	8	static
_AS726X.c:461:7:AS726X_getCalibratedRed	8	static
_AS726X.c:467:7:AS726X_getCalibratedValue	24	static
_AS726X.c:487:7:AS726X_convertBytesToFloat	24	static
_AS726X.c:499:6:AS726X_enableIndicator	16	static
_AS726X.c:510:6:AS726X_disableIndicator	16	static
_AS726X.c:523:6:AS726X_setIndicatorCurrent	24	static
_AS726X.c:539:6:AS726X_enableBulb	16	static
_AS726X.c:550:6:AS726X_disableBulb	16	static
_AS726X.c:561:6:AS726X_setBulbCurrent	24	static
_AS726X.c:576:9:AS726X_getTemperature	8	static
_AS726X.c:584:7:AS726X_getTemperatureF	24	static
_AS726X.c:596:6:AS726X_softReset	16	static
_AS726X.c:612:10:AS726X_get_Normalized_Value	56	static
