_LIS2DW12.c:15:15:LIS_GetAccelerationStruct	16	static
_LIS2DW12.c:28:6:LIS_initStruct	16	static
_LIS2DW12.c:36:16:LIS_WriteI2C	40	static
_LIS2DW12.c:54:17:LIS_ReadI2C	40	static
_LIS2DW12.c:88:9:LIS_ReadID	24	static
_LIS2DW12.c:104:16:LIS_SetOutputDataRate	24	static
_LIS2DW12.c:125:16:LIS_GetOutputDataRate	24	static
_LIS2DW12.c:139:16:LIS_SetMode	24	static
_LIS2DW12.c:157:16:LIS_GetMode	24	static
_LIS2DW12.c:171:16:LIS_SetFifoMode	24	static
_LIS2DW12.c:189:16:LIS_GetFifoMode	24	static
_LIS2DW12.c:203:16:LIS_SetFullScale	24	static
_LIS2DW12.c:237:16:LIS_GetFullScale	24	static
_LIS2DW12.c:251:16:LIS_SetSingleTapEnable	24	static
_LIS2DW12.c:269:16:LIS_SetDoubleTapEnable	24	static
_LIS2DW12.c:287:16:LIS_SetThresholdX_Tap	24	static
_LIS2DW12.c:305:16:LIS_EnableTapX	24	static
_LIS2DW12.c:324:16:LIS_SetLatchedIRQ	24	static
_LIS2DW12.c:342:16:LIS_EnableInterrupts	24	static
_LIS2DW12.c:360:16:LIS_EnableLowNoise	24	static
_LIS2DW12.c:378:16:LIS_SetLatencyDoubleTap	24	static
_LIS2DW12.c:396:16:LIS_SetQuietTime	24	static
_LIS2DW12.c:414:16:LIS_SetShockTime	24	static
_LIS2DW12.c:432:16:LIS_EnableSingleDoubleTap	24	static
_LIS2DW12.c:450:9:LIS_ReadTapSource	24	static
_LIS2DW12.c:464:9:LIS_CTRL1_Read	24	static
_LIS2DW12.c:476:9:LIS_Start	16	static
_LIS2DW12.c:591:13:LIS_ReadAxisX	24	static
_LIS2DW12.c:607:13:LIS_ReadAxisY	24	static
_LIS2DW12.c:623:13:LIS_ReadAxisZ	24	static
_LIS2DW12.c:639:13:LIS_AdjustAxesXYZ	16	static
_LIS2DW12.c:646:6:LIS_ReadAxesXYZ	16	static
