stm32l4xx_ll_usart.h:3130:26:LL_USART_IsActiveFlag_TC	16	static
stm32l4xx_ll_usart.h:3159:26:LL_USART_IsActiveFlag_TXE	16	static
stm32l4xx_ll_usart.h:4521:25:LL_USART_ReceiveData8	16	static
stm32l4xx_ll_usart.h:4544:22:LL_USART_TransmitData8	16	static
_SaraR4.c:20:6:USART2_Callback	16	static
_SaraR4.c:49:9:SaraIsAlive	8	static
_SaraR4.c:56:9:StartUpSara	8	static
_SaraR4.c:112:9:SaraInitAtCommands	8	static
_SaraR4.c:137:9:SaraPowerDown	8	static
_SaraR4.c:143:9:SaraDisableEchoMode	8	static
_SaraR4.c:160:9:SaraCheckSimStatus	8	static
_SaraR4.c:169:9:SaraSetCFUN	40	static
_SaraR4.c:179:9:SaraReboot	8	static
_SaraR4.c:185:10:SaraWaitForResponse	40	static
_SaraR4.c:280:6:SaraSendCommand	24	static
_SaraR4.c:306:9:SaraCheckCommand	288	static
_SaraR4.c:339:6:SARA_getRealTimeClock	88	static
