stm32l4xx_ll_gpio.h:957:22:LL_GPIO_SetOutputPin	16	static
stm32l4xx_ll_gpio.h:986:22:LL_GPIO_ResetOutputPin	16	static
_SdCard.c:23:6:EnableSD	16	static
_SdCard.c:33:6:EnableSD_Card	40	static
_SdCard.c:65:9:SD_Init	40	static
_SdCard.c:90:6:SD_DeInit	8	static
_SdCard.c:98:6:InitFoldersSD	32	static
_SdCard.c:127:9:SD_set_timestamp	64	static
_SdCard.c:155:9:SD_getFileName	16	static
_SdCard.c:162:13:SD_ArchivePATHFile	56	static
_SdCard.c:192:9:SD_FindFile	88	static
_SdCard.c:215:9:SD_FindInfoFile	88	static
_SdCard.c:238:6:SD_ArchiveSensorFilesExceptNewest	96	static
_SdCard.c:261:6:SD_ArchiveInfoFilesExceptNewest	96	static
_SdCard.c:288:9:SD_Verify	304	static
_SdCard.c:388:9:SDWriteChars	1200	static
_SdCard.c:487:9:SDWriteSensorData	64	static
_SdCard.c:530:9:SD_Write	40	static
_SdCard.c:574:9:SD_WriteInfoLog	616	static
