_SdCard.c:27:11:SD_GetState	4	static
_SdCard.c:32:6:SD_SetState	16	static
_SdCard.c:37:13:SD_StartUp	8	static
_SdCard.c:49:26:SD_Init	40	static
_SdCard.c:71:26:SD_Unmount	8	static
_SdCard.c:84:26:SD_InitFoldersOnSD	32	static
_SdCard.c:110:26:SD_SetSDFilename	16	static
_SdCard.c:118:26:SD_SetTimestamp	64	static
_SdCard.c:141:13:SD_ArchiveFileToPath	56	static
_SdCard.c:170:13:SD_ArchiveFilesExcept	104	static
_SdCard.c:193:16:SD_FindFile	96	static
_SdCard.c:218:16:SD_WriteDataCharacterToFile	984	static
_SdCard.c:285:26:SD_WriteInfoCharactersToFile	16	static
_SdCard.c:294:26:SD_WriteDataToFile	48	static
_SdCard.c:318:26:SD_ReadDataFromFile	832	static
_SdCard.c:339:6:SD_WriteStateMachine	16	static
_SdCard.c:404:6:SD_ReadStateMachine	16	static
