Archive member included to satisfy reference by file (symbol)

c:/program files (x86)/atollic/truestudio for stm32 9.3.0/armtools/bin/../lib/gcc/arm-atollic-eabi/6.3.1/../../../../arm-atollic-eabi/lib/armv7e-m/fpu\libc_nano.a(lib_a-errno.o)
                              Src\__ExegerGeneric.o (__errno)
c:/program files (x86)/atollic/truestudio for stm32 9.3.0/armtools/bin/../lib/gcc/arm-atollic-eabi/6.3.1/../../../../arm-atollic-eabi/lib/armv7e-m/fpu\libc_nano.a(lib_a-impure.o)
                              c:/program files (x86)/atollic/truestudio for stm32 9.3.0/armtools/bin/../lib/gcc/arm-atollic-eabi/6.3.1/../../../../arm-atollic-eabi/lib/armv7e-m/fpu\libc_nano.a(lib_a-errno.o) (_impure_ptr)
c:/program files (x86)/atollic/truestudio for stm32 9.3.0/armtools/bin/../lib/gcc/arm-atollic-eabi/6.3.1/../../../../arm-atollic-eabi/lib/armv7e-m/fpu\libc_nano.a(lib_a-init.o)
                              startup\startup_stm32l452xx.o (__libc_init_array)
c:/program files (x86)/atollic/truestudio for stm32 9.3.0/armtools/bin/../lib/gcc/arm-atollic-eabi/6.3.1/../../../../arm-atollic-eabi/lib/armv7e-m/fpu\libc_nano.a(lib_a-memset.o)
                              Src\gpio.o (memset)
c:/program files (x86)/atollic/truestudio for stm32 9.3.0/armtools/bin/../lib/gcc/arm-atollic-eabi/6.3.1/../../../../arm-atollic-eabi/lib/armv7e-m/fpu\libc_nano.a(lib_a-printf.o)
                              Src\__ExegerGeneric.o (printf)
c:/program files (x86)/atollic/truestudio for stm32 9.3.0/armtools/bin/../lib/gcc/arm-atollic-eabi/6.3.1/../../../../arm-atollic-eabi/lib/armv7e-m/fpu\libc_nano.a(lib_a-puts.o)
                              Src\__ExegerGeneric.o (puts)
c:/program files (x86)/atollic/truestudio for stm32 9.3.0/armtools/bin/../lib/gcc/arm-atollic-eabi/6.3.1/../../../../arm-atollic-eabi/lib/armv7e-m/fpu\libc_nano.a(lib_a-strlen.o)
                              Src\__ExegerGeneric.o (strlen)
c:/program files (x86)/atollic/truestudio for stm32 9.3.0/armtools/bin/../lib/gcc/arm-atollic-eabi/6.3.1/../../../../arm-atollic-eabi/lib/armv7e-m/fpu\libc_nano.a(lib_a-wbuf.o)
                              c:/program files (x86)/atollic/truestudio for stm32 9.3.0/armtools/bin/../lib/gcc/arm-atollic-eabi/6.3.1/../../../../arm-atollic-eabi/lib/armv7e-m/fpu\libc_nano.a(lib_a-puts.o) (__swbuf_r)
c:/program files (x86)/atollic/truestudio for stm32 9.3.0/armtools/bin/../lib/gcc/arm-atollic-eabi/6.3.1/../../../../arm-atollic-eabi/lib/armv7e-m/fpu\libc_nano.a(lib_a-wsetup.o)
                              c:/program files (x86)/atollic/truestudio for stm32 9.3.0/armtools/bin/../lib/gcc/arm-atollic-eabi/6.3.1/../../../../arm-atollic-eabi/lib/armv7e-m/fpu\libc_nano.a(lib_a-puts.o) (__swsetup_r)
c:/program files (x86)/atollic/truestudio for stm32 9.3.0/armtools/bin/../lib/gcc/arm-atollic-eabi/6.3.1/../../../../arm-atollic-eabi/lib/armv7e-m/fpu\libc_nano.a(lib_a-fflush.o)
                              c:/program files (x86)/atollic/truestudio for stm32 9.3.0/armtools/bin/../lib/gcc/arm-atollic-eabi/6.3.1/../../../../arm-atollic-eabi/lib/armv7e-m/fpu\libc_nano.a(lib_a-wbuf.o) (_fflush_r)
c:/program files (x86)/atollic/truestudio for stm32 9.3.0/armtools/bin/../lib/gcc/arm-atollic-eabi/6.3.1/../../../../arm-atollic-eabi/lib/armv7e-m/fpu\libc_nano.a(lib_a-findfp.o)
                              c:/program files (x86)/atollic/truestudio for stm32 9.3.0/armtools/bin/../lib/gcc/arm-atollic-eabi/6.3.1/../../../../arm-atollic-eabi/lib/armv7e-m/fpu\libc_nano.a(lib_a-printf.o) (__sinit)
c:/program files (x86)/atollic/truestudio for stm32 9.3.0/armtools/bin/../lib/gcc/arm-atollic-eabi/6.3.1/../../../../arm-atollic-eabi/lib/armv7e-m/fpu\libc_nano.a(lib_a-fwalk.o)
                              c:/program files (x86)/atollic/truestudio for stm32 9.3.0/armtools/bin/../lib/gcc/arm-atollic-eabi/6.3.1/../../../../arm-atollic-eabi/lib/armv7e-m/fpu\libc_nano.a(lib_a-findfp.o) (_fwalk)
c:/program files (x86)/atollic/truestudio for stm32 9.3.0/armtools/bin/../lib/gcc/arm-atollic-eabi/6.3.1/../../../../arm-atollic-eabi/lib/armv7e-m/fpu\libc_nano.a(lib_a-makebuf.o)
                              c:/program files (x86)/atollic/truestudio for stm32 9.3.0/armtools/bin/../lib/gcc/arm-atollic-eabi/6.3.1/../../../../arm-atollic-eabi/lib/armv7e-m/fpu\libc_nano.a(lib_a-wsetup.o) (__smakebuf_r)
c:/program files (x86)/atollic/truestudio for stm32 9.3.0/armtools/bin/../lib/gcc/arm-atollic-eabi/6.3.1/../../../../arm-atollic-eabi/lib/armv7e-m/fpu\libc_nano.a(lib_a-nano-freer.o)
                              c:/program files (x86)/atollic/truestudio for stm32 9.3.0/armtools/bin/../lib/gcc/arm-atollic-eabi/6.3.1/../../../../arm-atollic-eabi/lib/armv7e-m/fpu\libc_nano.a(lib_a-wsetup.o) (_free_r)
c:/program files (x86)/atollic/truestudio for stm32 9.3.0/armtools/bin/../lib/gcc/arm-atollic-eabi/6.3.1/../../../../arm-atollic-eabi/lib/armv7e-m/fpu\libc_nano.a(lib_a-nano-mallocr.o)
[...]
Memory Configuration

Name             Origin             Length             Attributes
RAM              0x20000000         0x00028000         xrw
FLASH            0x08000000         0x00080000         xr
*default*        0x00000000         0xffffffff

Linker script and memory map

LOAD c:/program files (x86)/atollic/truestudio for stm32 9.3.0/armtools/bin/../lib/gcc/arm-atollic-eabi/6.3.1/armv7e-m/fpu/crti.o
LOAD c:/program files (x86)/atollic/truestudio for stm32 9.3.0/armtools/bin/../lib/gcc/arm-atollic-eabi/6.3.1/armv7e-m/fpu/crtbegin.o
LOAD Drivers\STM32L4xx_HAL_Driver\Src\stm32l4xx_hal.o
LOAD Drivers\STM32L4xx_HAL_Driver\Src\stm32l4xx_hal_cortex.o
LOAD Drivers\STM32L4xx_HAL_Driver\Src\stm32l4xx_hal_dma.o
LOAD Drivers\STM32L4xx_HAL_Driver\Src\stm32l4xx_hal_dma_ex.o
LOAD Drivers\STM32L4xx_HAL_Driver\Src\stm32l4xx_hal_exti.o
LOAD Drivers\STM32L4xx_HAL_Driver\Src\stm32l4xx_hal_flash.o
LOAD Drivers\STM32L4xx_HAL_Driver\Src\stm32l4xx_hal_flash_ex.o
LOAD Drivers\STM32L4xx_HAL_Driver\Src\stm32l4xx_hal_flash_ramfunc.o
LOAD Drivers\STM32L4xx_HAL_Driver\Src\stm32l4xx_hal_gpio.o
LOAD Drivers\STM32L4xx_HAL_Driver\Src\stm32l4xx_hal_i2c.o
LOAD Drivers\STM32L4xx_HAL_Driver\Src\stm32l4xx_hal_i2c_ex.o
LOAD Drivers\STM32L4xx_HAL_Driver\Src\stm32l4xx_hal_pwr.o
LOAD Drivers\STM32L4xx_HAL_Driver\Src\stm32l4xx_hal_pwr_ex.o
LOAD Drivers\STM32L4xx_HAL_Driver\Src\stm32l4xx_hal_rcc.o
LOAD Drivers\STM32L4xx_HAL_Driver\Src\stm32l4xx_hal_rcc_ex.o
LOAD Drivers\STM32L4xx_HAL_Driver\Src\stm32l4xx_hal_spi.o
LOAD Drivers\STM32L4xx_HAL_Driver\Src\stm32l4xx_hal_spi_ex.o
LOAD Drivers\STM32L4xx_HAL_Driver\Src\stm32l4xx_hal_tim.o
LOAD Drivers\STM32L4xx_HAL_Driver\Src\stm32l4xx_hal_tim_ex.o
LOAD Drivers\STM32L4xx_HAL_Driver\Src\stm32l4xx_hal_uart.o
LOAD Drivers\STM32L4xx_HAL_Driver\Src\stm32l4xx_hal_uart_ex.o
LOAD Src\MAX31855K.o
LOAD Src\__ExegerGeneric.o
LOAD Src\gpio.o
LOAD Src\main.o
LOAD Src\spi.o
LOAD Src\stm32l4xx_hal_msp.o
LOAD Src\stm32l4xx_it.o
LOAD Src\syscalls.o
LOAD Src\system_stm32l4xx.o
LOAD Src\usart.o
LOAD startup\startup_stm32l452xx.o
                0x00000080                malloc_getpagesize_P = 0x80
START GROUP
LOAD c:/program files (x86)/atollic/truestudio for stm32 9.3.0/armtools/bin/../lib/gcc/arm-atollic-eabi/6.3.1/../../../../arm-atollic-eabi/lib/armv7e-m/fpu\libc_nano.a
LOAD c:/program files (x86)/atollic/truestudio for stm32 9.3.0/armtools/bin/../lib/gcc/arm-atollic-eabi/6.3.1/../../../../arm-atollic-eabi/lib/armv7e-m/fpu\libm.a
END GROUP
START GROUP
LOAD c:/program files (x86)/atollic/truestudio for stm32 9.3.0/armtools/bin/../lib/gcc/arm-atollic-eabi/6.3.1/armv7e-m/fpu\libgcc.a
LOAD c:/program files (x86)/atollic/truestudio for stm32 9.3.0/armtools/bin/../lib/gcc/arm-atollic-eabi/6.3.1/../../../../arm-atollic-eabi/lib/armv7e-m/fpu\libc_nano.a
END GROUP
START GROUP
LOAD c:/program files (x86)/atollic/truestudio for stm32 9.3.0/armtools/bin/../lib/gcc/arm-atollic-eabi/6.3.1/armv7e-m/fpu\libgcc.a
LOAD c:/program files (x86)/atollic/truestudio for stm32 9.3.0/armtools/bin/../lib/gcc/arm-atollic-eabi/6.3.1/../../../../arm-atollic-eabi/lib/armv7e-m/fpu\libc_nano.a
LOAD c:/program files (x86)/atollic/truestudio for stm32 9.3.0/armtools/bin/../lib/gcc/arm-atollic-eabi/6.3.1/../../../../arm-atollic-eabi/lib/armv7e-m/fpu\libnosys.a
END GROUP
START GROUP
LOAD c:/program files (x86)/atollic/truestudio for stm32 9.3.0/armtools/bin/../lib/gcc/arm-atollic-eabi/6.3.1/armv7e-m/fpu\libgcc.a
LOAD c:/program files (x86)/atollic/truestudio for stm32 9.3.0/armtools/bin/../lib/gcc/arm-atollic-eabi/6.3.1/../../../../arm-atollic-eabi/lib/armv7e-m/fpu\libc_nano.a
LOAD c:/program files (x86)/atollic/truestudio for stm32 9.3.0/armtools/bin/../lib/gcc/arm-atollic-eabi/6.3.1/../../../../arm-atollic-eabi/lib/armv7e-m/fpu\libnosys.a
END GROUP
LOAD c:/program files (x86)/atollic/truestudio for stm32 9.3.0/armtools/bin/../lib/gcc/arm-atollic-eabi/6.3.1/armv7e-m/fpu/crtend.o
LOAD c:/program files (x86)/atollic/truestudio for stm32 9.3.0/armtools/bin/../lib/gcc/arm-atollic-eabi/6.3.1/armv7e-m/fpu/crtn.o
                0x20028000                _estack = 0x20028000
                0x00000200                _Min_Heap_Size = 0x200
                0x00000400                _Min_Stack_Size = 0x400

.isr_vector     0x08000000      0x194
                0x08000000                . = ALIGN (0x4)
 *(.isr_vector)
 .isr_vector    0x08000000      0x194 startup\startup_stm32l452xx.o
                0x08000000                g_pfnVectors
                0x08000194                . = ALIGN (0x4)

.text           0x08000194     0x1c9c
                0x08000194                . = ALIGN (0x4)
 *(.text)
 .text          0x08000194       0x40 c:/program files (x86)/atollic/truestudio for stm32 9.3.0/armtools/bin/../lib/gcc/arm-atollic-eabi/6.3.1/armv7e-m/fpu/crtbegin.o
 .text          0x080001d4       0x30 c:/program files (x86)/atollic/truestudio for stm32 9.3.0/armtools/bin/../lib/gcc/arm-atollic-eabi/6.3.1/armv7e-m/fpu\libgcc.a(_aeabi_uldivmod.o)
                0x080001d4                __aeabi_uldivmod
 .text          0x08000204      0x2dc c:/program files (x86)/atollic/truestudio for stm32 9.3.0/armtools/bin/../lib/gcc/arm-atollic-eabi/6.3.1/armv7e-m/fpu\libgcc.a(_udivmoddi4.o)
                0x08000204                __udivmoddi4
 .text          0x080004e0        0x4 c:/program files (x86)/atollic/truestudio for stm32 9.3.0/armtools/bin/../lib/gcc/arm-atollic-eabi/6.3.1/armv7e-m/fpu\libgcc.a(_dvmd_tls.o)
                0x080004e0                __aeabi_idiv0
                0x080004e0                __aeabi_ldiv0
 *(.text*)
 .text.HAL_InitTick
                0x080004e4       0x4c Drivers\STM32L4xx_HAL_Driver\Src\stm32l4xx_hal.o
                0x080004e4                HAL_InitTick
 .text.HAL_Init
                0x08000530       0x1e Drivers\STM32L4xx_HAL_Driver\Src\stm32l4xx_hal.o
                0x08000530                HAL_Init
 *fill*         0x0800054e        0x2 
 .text.HAL_IncTick
                0x08000550       0x18 Drivers\STM32L4xx_HAL_Driver\Src\stm32l4xx_hal.o
                0x08000550                HAL_IncTick
 .text.HAL_GetTick
                0x08000568        0xc Drivers\STM32L4xx_HAL_Driver\Src\stm32l4xx_hal.o
                0x08000568                HAL_GetTick
 .text.HAL_NVIC_SetPriorityGrouping
                0x08000574       0x24 Drivers\STM32L4xx_HAL_Driver\Src\stm32l4xx_hal_cortex.o
                0x08000574                HAL_NVIC_SetPriorityGrouping
 .text.HAL_NVIC_SetPriority
                0x08000598       0x68 Drivers\STM32L4xx_HAL_Driver\Src\stm32l4xx_hal_cortex.o
                0x08000598                HAL_NVIC_SetPriority
 .text.HAL_SYSTICK_Config
                0x08000600       0x2c Drivers\STM32L4xx_HAL_Driver\Src\stm32l4xx_hal_cortex.o
                0x08000600                HAL_SYSTICK_Config
 .text.HAL_GPIO_Init
                0x0800062c      0x194 Drivers\STM32L4xx_HAL_Driver\Src\stm32l4xx_hal_gpio.o
                0x0800062c                HAL_GPIO_Init
 .text.HAL_GPIO_WritePin
                0x080007c0        0xa Drivers\STM32L4xx_HAL_Driver\Src\stm32l4xx_hal_gpio.o
                0x080007c0                HAL_GPIO_WritePin
 *fill*         0x080007ca        0x2 
 .text.HAL_PWREx_GetVoltageRange
                0x080007cc       0x10 Drivers\STM32L4xx_HAL_Driver\Src\stm32l4xx_hal_pwr_ex.o
                0x080007cc                HAL_PWREx_GetVoltageRange
 .text.HAL_PWREx_ControlVoltageScaling
                0x080007dc       0x6c Drivers\STM32L4xx_HAL_Driver\Src\stm32l4xx_hal_pwr_ex.o
                0x080007dc                HAL_PWREx_ControlVoltageScaling
 .text.RCC_SetFlashLatencyFromMSIRange
                0x08000848       0x84 Drivers\STM32L4xx_HAL_Driver\Src\stm32l4xx_hal_rcc.o
 .text.HAL_RCC_GetSysClockFreq
                0x080008cc       0x9c Drivers\STM32L4xx_HAL_Driver\Src\stm32l4xx_hal_rcc.o
                0x080008cc                HAL_RCC_GetSysClockFreq
 .text.HAL_RCC_OscConfig
                0x08000968      0x554 Drivers\STM32L4xx_HAL_Driver\Src\stm32l4xx_hal_rcc.o
                0x08000968                HAL_RCC_OscConfig
 .text.HAL_RCC_ClockConfig
                0x08000ebc      0x12c Drivers\STM32L4xx_HAL_Driver\Src\stm32l4xx_hal_rcc.o
                0x08000ebc                HAL_RCC_ClockConfig
 .text.HAL_RCC_GetPCLK1Freq
                0x08000fe8       0x24 Drivers\STM32L4xx_HAL_Driver\Src\stm32l4xx_hal_rcc.o
                0x08000fe8                HAL_RCC_GetPCLK1Freq
 .text.HAL_RCC_GetPCLK2Freq
                0x0800100c       0x24 Drivers\STM32L4xx_HAL_Driver\Src\stm32l4xx_hal_rcc.o
                0x0800100c                HAL_RCC_GetPCLK2Freq
 .text.RCCEx_PLLSAI1_Config
                0x08001030      0x118 Drivers\STM32L4xx_HAL_Driver\Src\stm32l4xx_hal_rcc_ex.o
 .text.HAL_RCCEx_PeriphCLKConfig
                0x08001148      0x31c Drivers\STM32L4xx_HAL_Driver\Src\stm32l4xx_hal_rcc_ex.o
                0x08001148                HAL_RCCEx_PeriphCLKConfig
 .text.HAL_SPI_Init
                0x08001464       0xa2 Drivers\STM32L4xx_HAL_Driver\Src\stm32l4xx_hal_spi.o
                0x08001464                HAL_SPI_Init
 *fill*         0x08001506        0x2 
 .text.UART_SetConfig
                0x08001508      0x300 Drivers\STM32L4xx_HAL_Driver\Src\stm32l4xx_hal_uart.o
                0x08001508                UART_SetConfig
 .text.UART_AdvFeatureConfig
                0x08001808       0xa8 Drivers\STM32L4xx_HAL_Driver\Src\stm32l4xx_hal_uart.o
                0x08001808                UART_AdvFeatureConfig
 .text.UART_WaitOnFlagUntilTimeout
                0x080018b0       0x86 Drivers\STM32L4xx_HAL_Driver\Src\stm32l4xx_hal_uart.o
                0x080018b0                UART_WaitOnFlagUntilTimeout
 .text.UART_CheckIdleState
                0x08001936       0x60 Drivers\STM32L4xx_HAL_Driver\Src\stm32l4xx_hal_uart.o
                0x08001936                UART_CheckIdleState
 .text.HAL_UART_Init
                0x08001996       0x5c Drivers\STM32L4xx_HAL_Driver\Src\stm32l4xx_hal_uart.o
                0x08001996                HAL_UART_Init
 *fill*         0x080019f2        0x2 
 .text.MX_GPIO_Init
                0x080019f4       0xa0 Src\gpio.o
                0x080019f4                MX_GPIO_Init
 .text.SystemClock_Config
                0x08001a94       0x64 Src\main.o
                0x08001a94                SystemClock_Config
 .text.startup.main
                0x08001af8       0x1c Src\main.o
                0x08001af8                main
 .text.Error_Handler
                0x08001b14        0x2 Src\main.o
                0x08001b14                Error_Handler
 *fill*         0x08001b16        0x2 
 .text.MX_SPI2_Init
                0x08001b18       0x4c Src\spi.o
                0x08001b18                MX_SPI2_Init
 .text.HAL_SPI_MspInit
                0x08001b64       0x68 Src\spi.o
                0x08001b64                HAL_SPI_MspInit
 .text.HAL_MspInit
                0x08001bcc       0x30 Src\stm32l4xx_hal_msp.o
                0x08001bcc                HAL_MspInit
 .text.NMI_Handler
                0x08001bfc        0x2 Src\stm32l4xx_it.o
                0x08001bfc                NMI_Handler
 .text.HardFault_Handler
                0x08001bfe        0x2 Src\stm32l4xx_it.o
                0x08001bfe                HardFault_Handler
 .text.MemManage_Handler
                0x08001c00        0x2 Src\stm32l4xx_it.o
                0x08001c00                MemManage_Handler
 .text.BusFault_Handler
                0x08001c02        0x2 Src\stm32l4xx_it.o
                0x08001c02                BusFault_Handler
 .text.UsageFault_Handler
                0x08001c04        0x2 Src\stm32l4xx_it.o
                0x08001c04                UsageFault_Handler
 .text.SVC_Handler
                0x08001c06        0x2 Src\stm32l4xx_it.o
                0x08001c06                SVC_Handler
 .text.DebugMon_Handler
                0x08001c08        0x2 Src\stm32l4xx_it.o
                0x08001c08                DebugMon_Handler
 .text.PendSV_Handler
                0x08001c0a        0x2 Src\stm32l4xx_it.o
                0x08001c0a                PendSV_Handler
 .text.SysTick_Handler
                0x08001c0c        0x4 Src\stm32l4xx_it.o
                0x08001c0c                SysTick_Handler
 .text.SystemInit
                0x08001c10       0x48 Src\system_stm32l4xx.o
                0x08001c10                SystemInit
 .text.MX_USART1_UART_Init
                0x08001c58       0x3c Src\usart.o
                0x08001c58                MX_USART1_UART_Init
 .text.MX_USART2_UART_Init
                0x08001c94       0x3c Src\usart.o
                0x08001c94                MX_USART2_UART_Init
 .text.HAL_UART_MspInit
                0x08001cd0       0x9c Src\usart.o
                0x08001cd0                HAL_UART_MspInit
 .text.Reset_Handler
                0x08001d6c       0x50 startup\startup_stm32l452xx.o
                0x08001d6c                Reset_Handler
 .text.Default_Handler
                0x08001dbc        0x2 startup\startup_stm32l452xx.o
                0x08001dbc                RTC_Alarm_IRQHandler
                0x08001dbc                EXTI2_IRQHandler
                0x08001dbc                TIM1_CC_IRQHandler
                0x08001dbc                TSC_IRQHandler
                0x08001dbc                TAMP_STAMP_IRQHandler
                0x08001dbc                EXTI3_IRQHandler
                0x08001dbc                LPTIM2_IRQHandler
                0x08001dbc                DFSDM1_FLT1_IRQHandler
                0x08001dbc                I2C3_ER_IRQHandler
                0x08001dbc                EXTI0_IRQHandler
                0x08001dbc                I2C2_EV_IRQHandler
                0x08001dbc                CAN1_RX0_IRQHandler
                0x08001dbc                FPU_IRQHandler
                0x08001dbc                TIM1_UP_TIM16_IRQHandler
                0x08001dbc                SPI1_IRQHandler
                0x08001dbc                TIM6_DAC_IRQHandler
                0x08001dbc                DMA2_Channel2_IRQHandler
                0x08001dbc                DMA1_Channel4_IRQHandler
                0x08001dbc                ADC1_IRQHandler
                0x08001dbc                USART3_IRQHandler
                0x08001dbc                DMA1_Channel7_IRQHandler
                0x08001dbc                CAN1_RX1_IRQHandler
                0x08001dbc                DMA2_Channel1_IRQHandler
                0x08001dbc                QUADSPI_IRQHandler
                0x08001dbc                I2C1_EV_IRQHandler
                0x08001dbc                DMA1_Channel6_IRQHandler
                0x08001dbc                UART4_IRQHandler
                0x08001dbc                DMA2_Channel4_IRQHandler
                0x08001dbc                TIM3_IRQHandler
                0x08001dbc                RCC_IRQHandler
                0x08001dbc                TIM1_TRG_COM_IRQHandler
                0x08001dbc                DMA1_Channel1_IRQHandler
                0x08001dbc                Default_Handler
                0x08001dbc                DMA2_Channel7_IRQHandler
                0x08001dbc                EXTI15_10_IRQHandler
                0x08001dbc                SDMMC1_IRQHandler
                0x08001dbc                I2C3_EV_IRQHandler
                0x08001dbc                USB_IRQHandler
                0x08001dbc                EXTI9_5_IRQHandler
                0x08001dbc                RTC_WKUP_IRQHandler
                0x08001dbc                PVD_PVM_IRQHandler
                0x08001dbc                SPI2_IRQHandler
                0x08001dbc                CAN1_TX_IRQHandler
                0x08001dbc                DMA2_Channel5_IRQHandler
                0x08001dbc                CRS_IRQHandler
                0x08001dbc                DMA1_Channel5_IRQHandler
                0x08001dbc                EXTI4_IRQHandler
                0x08001dbc                RNG_IRQHandler
                0x08001dbc                DMA1_Channel3_IRQHandler
                0x08001dbc                COMP_IRQHandler
                0x08001dbc                WWDG_IRQHandler
                0x08001dbc                I2C4_EV_IRQHandler
                0x08001dbc                LPUART1_IRQHandler
                0x08001dbc                DMA2_Channel6_IRQHandler
                0x08001dbc                TIM2_IRQHandler
                0x08001dbc                EXTI1_IRQHandler
                0x08001dbc                USART2_IRQHandler
                0x08001dbc                DFSDM1_FLT0_IRQHandler
                0x08001dbc                I2C2_ER_IRQHandler
                0x08001dbc                DMA1_Channel2_IRQHandler
                0x08001dbc                CAN1_SCE_IRQHandler
                0x08001dbc                FLASH_IRQHandler
                0x08001dbc                USART1_IRQHandler
                0x08001dbc                SPI3_IRQHandler
                0x08001dbc                I2C1_ER_IRQHandler
                0x08001dbc                LPTIM1_IRQHandler
                0x08001dbc                I2C4_ER_IRQHandler
                0x08001dbc                SAI1_IRQHandler
                0x08001dbc                DMA2_Channel3_IRQHandler
                0x08001dbc                TIM1_BRK_TIM15_IRQHandler
 *fill*         0x08001dbe        0x2 
 .text.__libc_init_array
                0x08001dc0       0x48 c:/program files (x86)/atollic/truestudio for stm32 9.3.0/armtools/bin/../lib/gcc/arm-atollic-eabi/6.3.1/../../../../arm-atollic-eabi/lib/armv7e-m/fpu\libc_nano.a(lib_a-init.o)
                0x08001dc0                __libc_init_array
 .text.memset   0x08001e08       0x10 c:/program files (x86)/atollic/truestudio for stm32 9.3.0/armtools/bin/../lib/gcc/arm-atollic-eabi/6.3.1/../../../../arm-atollic-eabi/lib/armv7e-m/fpu\libc_nano.a(lib_a-memset.o)
                0x08001e08                memset
 *(.glue_7)
 .glue_7        0x08001e18        0x0 linker stubs
 *(.glue_7t)
 .glue_7t       0x08001e18        0x0 linker stubs
 *(.eh_frame)
 .eh_frame      0x08001e18        0x0 c:/program files (x86)/atollic/truestudio for stm32 9.3.0/armtools/bin/../lib/gcc/arm-atollic-eabi/6.3.1/armv7e-m/fpu/crtbegin.o
 *(.init)
 .init          0x08001e18        0x4 c:/program files (x86)/atollic/truestudio for stm32 9.3.0/armtools/bin/../lib/gcc/arm-atollic-eabi/6.3.1/armv7e-m/fpu/crti.o
                0x08001e18                _init
 .init          0x08001e1c        0x8 c:/program files (x86)/atollic/truestudio for stm32 9.3.0/armtools/bin/../lib/gcc/arm-atollic-eabi/6.3.1/armv7e-m/fpu/crtn.o
 *(.fini)
 .fini          0x08001e24        0x4 c:/program files (x86)/atollic/truestudio for stm32 9.3.0/armtools/bin/../lib/gcc/arm-atollic-eabi/6.3.1/armv7e-m/fpu/crti.o
                0x08001e24                _fini
 .fini          0x08001e28        0x8 c:/program files (x86)/atollic/truestudio for stm32 9.3.0/armtools/bin/../lib/gcc/arm-atollic-eabi/6.3.1/armv7e-m/fpu/crtn.o
                0x08001e30                . = ALIGN (0x4)
                0x08001e30                _etext = .

.vfp11_veneer   0x08001e30        0x0
 .vfp11_veneer  0x08001e30        0x0 linker stubs

.v4_bx          0x08001e30        0x0
 .v4_bx         0x08001e30        0x0 linker stubs

.iplt           0x08001e30        0x0
 .iplt          0x08001e30        0x0 c:/program files (x86)/atollic/truestudio for stm32 9.3.0/armtools/bin/../lib/gcc/arm-atollic-eabi/6.3.1/armv7e-m/fpu/crtbegin.o

.rodata         0x08001e30       0x5c
                0x08001e30                . = ALIGN (0x4)
 *(.rodata)
 *(.rodata*)
 .rodata.CSWTCH.52
                0x08001e30        0x4 Drivers\STM32L4xx_HAL_Driver\Src\stm32l4xx_hal_uart.o
 .rodata.CSWTCH.53
                0x08001e34        0xd Drivers\STM32L4xx_HAL_Driver\Src\stm32l4xx_hal_uart.o
 .rodata.AHBPrescTable
                0x08001e41       0x10 Src\system_stm32l4xx.o
                0x08001e41                AHBPrescTable
 .rodata.APBPrescTable
                0x08001e51        0x8 Src\system_stm32l4xx.o
                0x08001e51                APBPrescTable
 *fill*         0x08001e59        0x3 
 .rodata.MSIRangeTable
                0x08001e5c       0x30 Src\system_stm32l4xx.o
                0x08001e5c                MSIRangeTable
                0x08001e8c                . = ALIGN (0x4)

.ARM.extab
 *(.ARM.extab* .gnu.linkonce.armextab.*)

.ARM            0x08001e8c        0x8
                0x08001e8c                __exidx_start = .
 *(.ARM.exidx*)
 .ARM.exidx     0x08001e8c        0x8 c:/program files (x86)/atollic/truestudio for stm32 9.3.0/armtools/bin/../lib/gcc/arm-atollic-eabi/6.3.1/armv7e-m/fpu\libgcc.a(_udivmoddi4.o)
                0x08001e94                __exidx_end = .

.rel.dyn        0x08001e94        0x0
 .rel.iplt      0x08001e94        0x0 c:/program files (x86)/atollic/truestudio for stm32 9.3.0/armtools/bin/../lib/gcc/arm-atollic-eabi/6.3.1/armv7e-m/fpu/crtbegin.o

.preinit_array  0x08001e94        0x0
                0x08001e94                PROVIDE (__preinit_array_start, .)
 *(.preinit_array*)
                0x08001e94                PROVIDE (__preinit_array_end, .)

.init_array     0x08001e94        0x4
                0x08001e94                PROVIDE (__init_array_start, .)
 *(SORT(.init_array.*))
 *(.init_array*)
 .init_array    0x08001e94        0x4 c:/program files (x86)/atollic/truestudio for stm32 9.3.0/armtools/bin/../lib/gcc/arm-atollic-eabi/6.3.1/armv7e-m/fpu/crtbegin.o
                0x08001e98                PROVIDE (__init_array_end, .)

.fini_array     0x08001e98        0x4
                [!provide]                PROVIDE (__fini_array_start, .)
 *(SORT(.fini_array.*))
 *(.fini_array*)
 .fini_array    0x08001e98        0x4 c:/program files (x86)/atollic/truestudio for stm32 9.3.0/armtools/bin/../lib/gcc/arm-atollic-eabi/6.3.1/armv7e-m/fpu/crtbegin.o
                [!provide]                PROVIDE (__fini_array_end, .)
                0x08001e9c                _sidata = LOADADDR (.data)

.data           0x20000000        0xc load address 0x08001e9c
                0x20000000                . = ALIGN (0x4)
                0x20000000                _sdata = .
 *(.data)
 *(.data*)
 .data.uwTickFreq
                0x20000000        0x4 Drivers\STM32L4xx_HAL_Driver\Src\stm32l4xx_hal.o
                0x20000000                uwTickFreq
 .data.uwTickPrio
                0x20000004        0x4 Drivers\STM32L4xx_HAL_Driver\Src\stm32l4xx_hal.o
                0x20000004                uwTickPrio
 .data.SystemCoreClock
                0x20000008        0x4 Src\system_stm32l4xx.o
                0x20000008                SystemCoreClock
                0x2000000c                . = ALIGN (0x4)
                0x2000000c                _edata = .

.igot.plt       0x2000000c        0x0 load address 0x08001ea8
 .igot.plt      0x2000000c        0x0 c:/program files (x86)/atollic/truestudio for stm32 9.3.0/armtools/bin/../lib/gcc/arm-atollic-eabi/6.3.1/armv7e-m/fpu/crtbegin.o
                0x2000000c                . = ALIGN (0x4)

.bss            0x2000000c      0x184 load address 0x08001ea8
                0x2000000c                _sbss = .
                0x2000000c                __bss_start__ = _sbss
 *(.bss)
 .bss           0x2000000c       0x1c c:/program files (x86)/atollic/truestudio for stm32 9.3.0/armtools/bin/../lib/gcc/arm-atollic-eabi/6.3.1/armv7e-m/fpu/crtbegin.o
 *(.bss*)
 *(COMMON)
 COMMON         0x20000028        0x4 Drivers\STM32L4xx_HAL_Driver\Src\stm32l4xx_hal.o
                0x20000028                uwTick
 COMMON         0x2000002c       0x64 Src\spi.o
                0x2000002c                hspi2
 COMMON         0x20000090      0x100 Src\usart.o
                0x20000090                huart1
                0x20000110                huart2
                0x20000190                . = ALIGN (0x4)
                0x20000190                _ebss = .
                0x20000190                __bss_end__ = _ebss

._user_heap_stack
                0x20000190      0x600 load address 0x08001ea8
                0x20000190                . = ALIGN (0x4)
                0x20000190                PROVIDE (end, .)
                [!provide]                PROVIDE (_end, .)
                0x20000390                . = (. + _Min_Heap_Size)
 *fill*         0x20000190      0x200 
                0x20000790                . = (. + _Min_Stack_Size)
 *fill*         0x20000390      0x400 
                0x20000790                . = ALIGN (0x4)

/DISCARD/
 libc.a(*)
 libm.a(*)
 libgcc.a(*)

.ARM.attributes
                0x00000000       0x30
 *(.ARM.attributes)
 .ARM.attributes
                0x00000000       0x22 c:/program files (x86)/atollic/truestudio for stm32 9.3.0/armtools/bin/../lib/gcc/arm-atollic-eabi/6.3.1/armv7e-m/fpu/crti.o
 .ARM.attributes
                0x00000022       0x34 c:/program files (x86)/atollic/truestudio for stm32 9.3.0/armtools/bin/../lib/gcc/arm-atollic-eabi/6.3.1/armv7e-m/fpu/crtbegin.o
 .ARM.attributes
                0x00000056       0x39 Drivers\STM32L4xx_HAL_Driver\Src\stm32l4xx_hal.o
 .ARM.attributes
                0x0000008f       0x39 Drivers\STM32L4xx_HAL_Driver\Src\stm32l4xx_hal_cortex.o
 .ARM.attributes
                0x000000c8       0x39 Drivers\STM32L4xx_HAL_Driver\Src\stm32l4xx_hal_gpio.o
 .ARM.attributes
                0x00000101       0x39 Drivers\STM32L4xx_HAL_Driver\Src\stm32l4xx_hal_pwr_ex.o
 .ARM.attributes
                0x0000013a       0x39 Drivers\STM32L4xx_HAL_Driver\Src\stm32l4xx_hal_rcc.o
 .ARM.attributes
                0x00000173       0x39 Drivers\STM32L4xx_HAL_Driver\Src\stm32l4xx_hal_rcc_ex.o
 .ARM.attributes
                0x000001ac       0x39 Drivers\STM32L4xx_HAL_Driver\Src\stm32l4xx_hal_spi.o
 .ARM.attributes
                0x000001e5       0x39 Drivers\STM32L4xx_HAL_Driver\Src\stm32l4xx_hal_uart.o
 .ARM.attributes
                0x0000021e       0x39 Src\gpio.o
 .ARM.attributes
                0x00000257       0x39 Src\main.o
 .ARM.attributes
                0x00000290       0x39 Src\spi.o
 .ARM.attributes
                0x000002c9       0x39 Src\stm32l4xx_hal_msp.o
 .ARM.attributes
                0x00000302       0x39 Src\stm32l4xx_it.o
 .ARM.attributes
                0x0000033b       0x39 Src\system_stm32l4xx.o
 .ARM.attributes
                0x00000374       0x39 Src\usart.o
 .ARM.attributes
                0x000003ad       0x21 startup\startup_stm32l452xx.o
 .ARM.attributes
                0x000003ce       0x34 c:/program files (x86)/atollic/truestudio for stm32 9.3.0/armtools/bin/../lib/gcc/arm-atollic-eabi/6.3.1/../../../../arm-atollic-eabi/lib/armv7e-m/fpu\libc_nano.a(lib_a-init.o)
 .ARM.attributes
                0x00000402       0x34 c:/program files (x86)/atollic/truestudio for stm32 9.3.0/armtools/bin/../lib/gcc/arm-atollic-eabi/6.3.1/../../../../arm-atollic-eabi/lib/armv7e-m/fpu\libc_nano.a(lib_a-memset.o)
 .ARM.attributes
                0x00000436       0x22 c:/program files (x86)/atollic/truestudio for stm32 9.3.0/armtools/bin/../lib/gcc/arm-atollic-eabi/6.3.1/armv7e-m/fpu\libgcc.a(_aeabi_uldivmod.o)
 .ARM.attributes
                0x00000458       0x34 c:/program files (x86)/atollic/truestudio for stm32 9.3.0/armtools/bin/../lib/gcc/arm-atollic-eabi/6.3.1/armv7e-m/fpu\libgcc.a(_udivmoddi4.o)
 .ARM.attributes
                0x0000048c       0x22 c:/program files (x86)/atollic/truestudio for stm32 9.3.0/armtools/bin/../lib/gcc/arm-atollic-eabi/6.3.1/armv7e-m/fpu\libgcc.a(_dvmd_tls.o)
 .ARM.attributes
                0x000004ae       0x22 c:/program files (x86)/atollic/truestudio for stm32 9.3.0/armtools/bin/../lib/gcc/arm-atollic-eabi/6.3.1/armv7e-m/fpu/crtn.o
OUTPUT(SPI_Test.elf elf32-littlearm)

.debug_info     0x00000000     0xd0b7
 .debug_info    0x00000000      0xcaa Drivers\STM32L4xx_HAL_Driver\Src\stm32l4xx_hal.o
 .debug_info    0x00000caa     0x1054 Drivers\STM32L4xx_HAL_Driver\Src\stm32l4xx_hal_cortex.o
 .debug_info    0x00001cfe      0x999 Drivers\STM32L4xx_HAL_Driver\Src\stm32l4xx_hal_gpio.o
 .debug_info    0x00002697      0xb49 Drivers\STM32L4xx_HAL_Driver\Src\stm32l4xx_hal_pwr_ex.o
 .debug_info    0x000031e0      0xefe Drivers\STM32L4xx_HAL_Driver\Src\stm32l4xx_hal_rcc.o
 .debug_info    0x000040de     0x1240 Drivers\STM32L4xx_HAL_Driver\Src\stm32l4xx_hal_rcc_ex.o
 .debug_info    0x0000531e     0x21a4 Drivers\STM32L4xx_HAL_Driver\Src\stm32l4xx_hal_spi.o
 .debug_info    0x000074c2     0x1e5c Drivers\STM32L4xx_HAL_Driver\Src\stm32l4xx_hal_uart.o
 .debug_info    0x0000931e      0x6e7 Src\gpio.o
 .debug_info    0x00009a05      0xec0 Src\main.o
 .debug_info    0x0000a8c5      0xb9f Src\spi.o
 .debug_info    0x0000b464      0x4de Src\stm32l4xx_hal_msp.o
 .debug_info    0x0000b942      0x31a Src\stm32l4xx_it.o
 .debug_info    0x0000bc5c      0x715 Src\system_stm32l4xx.o
 .debug_info    0x0000c371      0xcb4 Src\usart.o
 .debug_info    0x0000d025       0x92 startup\startup_stm32l452xx.o

.debug_abbrev   0x00000000     0x2033
 .debug_abbrev  0x00000000      0x28a Drivers\STM32L4xx_HAL_Driver\Src\stm32l4xx_hal.o
 .debug_abbrev  0x0000028a      0x314 Drivers\STM32L4xx_HAL_Driver\Src\stm32l4xx_hal_cortex.o
 .debug_abbrev  0x0000059e      0x1d7 Drivers\STM32L4xx_HAL_Driver\Src\stm32l4xx_hal_gpio.o
 .debug_abbrev  0x00000775      0x278 Drivers\STM32L4xx_HAL_Driver\Src\stm32l4xx_hal_pwr_ex.o
 .debug_abbrev  0x000009ed      0x258 Drivers\STM32L4xx_HAL_Driver\Src\stm32l4xx_hal_rcc.o
 .debug_abbrev  0x00000c45      0x2eb Drivers\STM32L4xx_HAL_Driver\Src\stm32l4xx_hal_rcc_ex.o
 .debug_abbrev  0x00000f30      0x318 Drivers\STM32L4xx_HAL_Driver\Src\stm32l4xx_hal_spi.o
 .debug_abbrev  0x00001248      0x31b Drivers\STM32L4xx_HAL_Driver\Src\stm32l4xx_hal_uart.o
 .debug_abbrev  0x00001563      0x173 Src\gpio.o
 .debug_abbrev  0x000016d6      0x1e7 Src\main.o
 .debug_abbrev  0x000018bd      0x1eb Src\spi.o
 .debug_abbrev  0x00001aa8      0x11e Src\stm32l4xx_hal_msp.o
 .debug_abbrev  0x00001bc6      0x12e Src\stm32l4xx_it.o
 .debug_abbrev  0x00001cf4      0x14b Src\system_stm32l4xx.o
 .debug_abbrev  0x00001e3f      0x1e2 Src\usart.o
 .debug_abbrev  0x00002021       0x12 startup\startup_stm32l452xx.o

.debug_loc      0x00000000     0x5818
 .debug_loc     0x00000000      0x1d5 Drivers\STM32L4xx_HAL_Driver\Src\stm32l4xx_hal.o
 .debug_loc     0x000001d5      0x4fb Drivers\STM32L4xx_HAL_Driver\Src\stm32l4xx_hal_cortex.o
 .debug_loc     0x000006d0      0x2a1 Drivers\STM32L4xx_HAL_Driver\Src\stm32l4xx_hal_gpio.o
 .debug_loc     0x00000971      0x59b Drivers\STM32L4xx_HAL_Driver\Src\stm32l4xx_hal_pwr_ex.o
 .debug_loc     0x00000f0c      0x61c Drivers\STM32L4xx_HAL_Driver\Src\stm32l4xx_hal_rcc.o
 .debug_loc     0x00001528      0xbc1 Drivers\STM32L4xx_HAL_Driver\Src\stm32l4xx_hal_rcc_ex.o
 .debug_loc     0x000020e9     0x1a4a Drivers\STM32L4xx_HAL_Driver\Src\stm32l4xx_hal_spi.o
 .debug_loc     0x00003b33     0x1a85 Drivers\STM32L4xx_HAL_Driver\Src\stm32l4xx_hal_uart.o
 .debug_loc     0x000055b8       0x58 Src\spi.o
 .debug_loc     0x00005610      0x1be Src\system_stm32l4xx.o
 .debug_loc     0x000057ce       0x4a Src\usart.o

.debug_aranges  0x00000000      0x958
 .debug_aranges
                0x00000000      0x128 Drivers\STM32L4xx_HAL_Driver\Src\stm32l4xx_hal.o
 .debug_aranges
                0x00000128       0xa8 Drivers\STM32L4xx_HAL_Driver\Src\stm32l4xx_hal_cortex.o
 .debug_aranges
                0x000001d0       0x58 Drivers\STM32L4xx_HAL_Driver\Src\stm32l4xx_hal_gpio.o
 .debug_aranges
                0x00000228      0x118 Drivers\STM32L4xx_HAL_Driver\Src\stm32l4xx_hal_pwr_ex.o
 .debug_aranges
                0x00000340       0x88 Drivers\STM32L4xx_HAL_Driver\Src\stm32l4xx_hal_rcc.o
 .debug_aranges
                0x000003c8       0xd0 Drivers\STM32L4xx_HAL_Driver\Src\stm32l4xx_hal_rcc_ex.o
 .debug_aranges
                0x00000498      0x198 Drivers\STM32L4xx_HAL_Driver\Src\stm32l4xx_hal_spi.o
 .debug_aranges
                0x00000630      0x1b8 Drivers\STM32L4xx_HAL_Driver\Src\stm32l4xx_hal_uart.o
 .debug_aranges
                0x000007e8       0x20 Src\gpio.o
 .debug_aranges
                0x00000808       0x30 Src\main.o
 .debug_aranges
                0x00000838       0x30 Src\spi.o
 .debug_aranges
                0x00000868       0x20 Src\stm32l4xx_hal_msp.o
 .debug_aranges
                0x00000888       0x48 Src\stm32l4xx_it.o
 .debug_aranges
                0x000008d0       0x28 Src\system_stm32l4xx.o
 .debug_aranges
                0x000008f8       0x38 Src\usart.o
 .debug_aranges
                0x00000930       0x28 startup\startup_stm32l452xx.o

.debug_ranges   0x00000000      0xad8
 .debug_ranges  0x00000000      0x118 Drivers\STM32L4xx_HAL_Driver\Src\stm32l4xx_hal.o
 .debug_ranges  0x00000118      0x128 Drivers\STM32L4xx_HAL_Driver\Src\stm32l4xx_hal_cortex.o
 .debug_ranges  0x00000240       0x68 Drivers\STM32L4xx_HAL_Driver\Src\stm32l4xx_hal_gpio.o
 .debug_ranges  0x000002a8      0x108 Drivers\STM32L4xx_HAL_Driver\Src\stm32l4xx_hal_pwr_ex.o
 .debug_ranges  0x000003b0       0x90 Drivers\STM32L4xx_HAL_Driver\Src\stm32l4xx_hal_rcc.o
 .debug_ranges  0x00000440      0x128 Drivers\STM32L4xx_HAL_Driver\Src\stm32l4xx_hal_rcc_ex.o
 .debug_ranges  0x00000568      0x248 Drivers\STM32L4xx_HAL_Driver\Src\stm32l4xx_hal_spi.o
 .debug_ranges  0x000007b0      0x1c0 Drivers\STM32L4xx_HAL_Driver\Src\stm32l4xx_hal_uart.o
 .debug_ranges  0x00000970       0x48 Src\gpio.o
 .debug_ranges  0x000009b8       0x20 Src\main.o
 .debug_ranges  0x000009d8       0x40 Src\spi.o
 .debug_ranges  0x00000a18       0x28 Src\stm32l4xx_hal_msp.o
 .debug_ranges  0x00000a40       0x38 Src\stm32l4xx_it.o
 .debug_ranges  0x00000a78       0x18 Src\system_stm32l4xx.o
 .debug_ranges  0x00000a90       0x28 Src\usart.o
 .debug_ranges  0x00000ab8       0x20 startup\startup_stm32l452xx.o

.debug_line     0x00000000     0x4d04
 .debug_line    0x00000000      0x4bf Drivers\STM32L4xx_HAL_Driver\Src\stm32l4xx_hal.o
 .debug_line    0x000004bf      0x495 Drivers\STM32L4xx_HAL_Driver\Src\stm32l4xx_hal_cortex.o
 .debug_line    0x00000954      0x3e7 Drivers\STM32L4xx_HAL_Driver\Src\stm32l4xx_hal_gpio.o
 .debug_line    0x00000d3b      0x570 Drivers\STM32L4xx_HAL_Driver\Src\stm32l4xx_hal_pwr_ex.o
 .debug_line    0x000012ab      0x5ff Drivers\STM32L4xx_HAL_Driver\Src\stm32l4xx_hal_rcc.o
 .debug_line    0x000018aa      0x705 Drivers\STM32L4xx_HAL_Driver\Src\stm32l4xx_hal_rcc_ex.o
 .debug_line    0x00001faf      0xca1 Drivers\STM32L4xx_HAL_Driver\Src\stm32l4xx_hal_spi.o
 .debug_line    0x00002c50      0xe8d Drivers\STM32L4xx_HAL_Driver\Src\stm32l4xx_hal_uart.o
 .debug_line    0x00003add      0x23b Src\gpio.o
 .debug_line    0x00003d18      0x301 Src\main.o
 .debug_line    0x00004019      0x2b4 Src\spi.o
 .debug_line    0x000042cd      0x217 Src\stm32l4xx_hal_msp.o
 .debug_line    0x000044e4      0x24d Src\stm32l4xx_it.o
 .debug_line    0x00004731      0x278 Src\system_stm32l4xx.o
 .debug_line    0x000049a9      0x2dd Src\usart.o
 .debug_line    0x00004c86       0x7e startup\startup_stm32l452xx.o

.debug_str      0x00000000     0x3667
 .debug_str     0x00000000      0xd7e Drivers\STM32L4xx_HAL_Driver\Src\stm32l4xx_hal.o
                                0xe0d (size before relaxing)
 .debug_str     0x00000d7e      0x4a1 Drivers\STM32L4xx_HAL_Driver\Src\stm32l4xx_hal_cortex.o
                                0xdae (size before relaxing)
 .debug_str     0x0000121f      0x1d5 Drivers\STM32L4xx_HAL_Driver\Src\stm32l4xx_hal_gpio.o
                                0x797 (size before relaxing)
 .debug_str     0x000013f4      0x4c8 Drivers\STM32L4xx_HAL_Driver\Src\stm32l4xx_hal_pwr_ex.o
                                0x9cf (size before relaxing)
 .debug_str     0x000018bc      0x3a3 Drivers\STM32L4xx_HAL_Driver\Src\stm32l4xx_hal_rcc.o
                                0xa3e (size before relaxing)
 .debug_str     0x00001c5f      0x694 Drivers\STM32L4xx_HAL_Driver\Src\stm32l4xx_hal_rcc_ex.o
                                0xe0e (size before relaxing)
 .debug_str     0x000022f3      0x8e6 Drivers\STM32L4xx_HAL_Driver\Src\stm32l4xx_hal_spi.o
                                0xdaf (size before relaxing)
 .debug_str     0x00002bd9      0x8c2 Drivers\STM32L4xx_HAL_Driver\Src\stm32l4xx_hal_uart.o
                               0x1148 (size before relaxing)
 .debug_str     0x0000349b       0x22 Src\gpio.o
                                0x617 (size before relaxing)
 .debug_str     0x000034bd       0x7d Src\main.o
                                0xd9c (size before relaxing)
 .debug_str     0x0000353a       0x17 Src\spi.o
                                0x9f7 (size before relaxing)
 .debug_str     0x00003551       0x1b Src\stm32l4xx_hal_msp.o
                                0x55f (size before relaxing)
 .debug_str     0x0000356c       0xa6 Src\stm32l4xx_it.o
                                0x490 (size before relaxing)
 .debug_str     0x00003612       0x3b Src\system_stm32l4xx.o
                                0x5ea (size before relaxing)
 .debug_str     0x0000364d       0x1a Src\usart.o
                                0xa13 (size before relaxing)

.comment        0x00000000       0x7c
 .comment       0x00000000       0x7c Drivers\STM32L4xx_HAL_Driver\Src\stm32l4xx_hal.o
                                 0x7d (size before relaxing)
 .comment       0x0000007c       0x7d Drivers\STM32L4xx_HAL_Driver\Src\stm32l4xx_hal_cortex.o
 .comment       0x0000007c       0x7d Drivers\STM32L4xx_HAL_Driver\Src\stm32l4xx_hal_gpio.o
 .comment       0x0000007c       0x7d Drivers\STM32L4xx_HAL_Driver\Src\stm32l4xx_hal_pwr_ex.o
 .comment       0x0000007c       0x7d Drivers\STM32L4xx_HAL_Driver\Src\stm32l4xx_hal_rcc.o
 .comment       0x0000007c       0x7d Drivers\STM32L4xx_HAL_Driver\Src\stm32l4xx_hal_rcc_ex.o
 .comment       0x0000007c       0x7d Drivers\STM32L4xx_HAL_Driver\Src\stm32l4xx_hal_spi.o
 .comment       0x0000007c       0x7d Drivers\STM32L4xx_HAL_Driver\Src\stm32l4xx_hal_uart.o
 .comment       0x0000007c       0x7d Src\gpio.o
 .comment       0x0000007c       0x7d Src\main.o
 .comment       0x0000007c       0x7d Src\spi.o
 .comment       0x0000007c       0x7d Src\stm32l4xx_hal_msp.o
 .comment       0x0000007c       0x7d Src\stm32l4xx_it.o
 .comment       0x0000007c       0x7d Src\system_stm32l4xx.o
 .comment       0x0000007c       0x7d Src\usart.o

.debug_frame    0x00000000     0x18d0
 .debug_frame   0x00000000      0x280 Drivers\STM32L4xx_HAL_Driver\Src\stm32l4xx_hal.o
 .debug_frame   0x00000280      0x158 Drivers\STM32L4xx_HAL_Driver\Src\stm32l4xx_hal_cortex.o
 .debug_frame   0x000003d8       0xd8 Drivers\STM32L4xx_HAL_Driver\Src\stm32l4xx_hal_gpio.o
 .debug_frame   0x000004b0      0x238 Drivers\STM32L4xx_HAL_Driver\Src\stm32l4xx_hal_pwr_ex.o
 .debug_frame   0x000006e8      0x160 Drivers\STM32L4xx_HAL_Driver\Src\stm32l4xx_hal_rcc.o
 .debug_frame   0x00000848      0x238 Drivers\STM32L4xx_HAL_Driver\Src\stm32l4xx_hal_rcc_ex.o
 .debug_frame   0x00000a80      0x5b0 Drivers\STM32L4xx_HAL_Driver\Src\stm32l4xx_hal_spi.o
 .debug_frame   0x00001030      0x588 Drivers\STM32L4xx_HAL_Driver\Src\stm32l4xx_hal_uart.o
 .debug_frame   0x000015b8       0x34 Src\gpio.o
 .debug_frame   0x000015ec       0x58 Src\main.o
 .debug_frame   0x00001644       0x60 Src\spi.o
 .debug_frame   0x000016a4       0x28 Src\stm32l4xx_hal_msp.o
 .debug_frame   0x000016cc       0xa0 Src\stm32l4xx_it.o
 .debug_frame   0x0000176c       0x38 Src\system_stm32l4xx.o
 .debug_frame   0x000017a4       0x80 Src\usart.o
 .debug_frame   0x00001824       0x2c c:/program files (x86)/atollic/truestudio for stm32 9.3.0/armtools/bin/../lib/gcc/arm-atollic-eabi/6.3.1/../../../../arm-atollic-eabi/lib/armv7e-m/fpu\libc_nano.a(lib_a-init.o)
 .debug_frame   0x00001850       0x20 c:/program files (x86)/atollic/truestudio for stm32 9.3.0/armtools/bin/../lib/gcc/arm-atollic-eabi/6.3.1/../../../../arm-atollic-eabi/lib/armv7e-m/fpu\libc_nano.a(lib_a-memset.o)
 .debug_frame   0x00001870       0x2c c:/program files (x86)/atollic/truestudio for stm32 9.3.0/armtools/bin/../lib/gcc/arm-atollic-eabi/6.3.1/armv7e-m/fpu\libgcc.a(_aeabi_uldivmod.o)
 .debug_frame   0x0000189c       0x34 c:/program files (x86)/atollic/truestudio for stm32 9.3.0/armtools/bin/../lib/gcc/arm-atollic-eabi/6.3.1/armv7e-m/fpu\libgcc.a(_udivmoddi4.o)
