mqtt.c:38:9:MqttSetClientID	264	static
mqtt.c:59:9:MqttSetAuthentication	272	static
mqtt.c:87:9:MqttSetWill	288	static
mqtt.c:116:9:MqttClearWill	280	static
mqtt.c:143:9:MqttSaveProfile	0	static
mqtt.c:148:9:MqttRestoreProfile	0	static
mqtt.c:153:9:MqttDeleteProfile	0	static
mqtt.c:168:9:MqttSetServer	272	static
mqtt.c:183:9:MqttConnect	0	static
mqtt.c:192:9:MqttSetHttp	264	static
mqtt.c:218:9:MqttPublish	288	static
mqtt.c:232:9:MqttPublishFile	288	static
mqtt.c:255:9:MqttSubscribe	336	static
mqtt.c:277:9:MqttUnSubscribe	264	static
mqtt.c:292:9:MqttDisconnect	0	static
mqtt.c:871:9:MqttCheckRxData	8	static
mqtt.c:950:9:MqttWaitForResponse	280	static
mqtt.c:976:9:MqttParseID	24	dynamic
mqtt.c:1006:9:MqttParseMessage	24	dynamic
mqtt.c:1035:9:MqttParseJSONMessage	32	dynamic
mqtt.c:1079:9:MqttParseJSONCRC	32	static
mqtt.c:1140:9:GetCRC	16	static
mqtt.c:300:9:MqttPushPublish	304	static
mqtt.c:330:9:MqttPushPublishSD	320	static
mqtt.c:1156:9:VerifyFile	24	static
mqtt.c:1114:9:FetchVerifyParseJSON	24	static
mqtt.c:1181:6:AssignTimeStruct	40	static
