SDCard.c:767:9:SD_Write.part.4	24	static
SDCard.c:27:6:InitFoldersSD	32	static
SDCard.c:147:9:SD_EraseFile	24	static
SDCard.c:198:9:SD_Init	32	static
SDCard.c:49:9:SD_Verify	312	static
SDCard.c:229:6:SD_DeInit	8	static
SDCard.c:239:9:SD_set_timestamp	72	static
SDCard.c:332:9:SD_DoFileExist	24	static
SDCard.c:298:9:SD_getNumFiles	32	static
SDCard.c:169:9:SD_EraseMultipleFiles	48	static
SDCard.c:267:9:SD_getFileName	40	static
SDCard.c:345:6:ArchivePATHFile	48	static
SDCard.c:371:9:FindFile	88	static
SDCard.c:435:6:ArchiveFiles	88	static
SDCard.c:465:9:SDReadAndSend	872	static
SDCard.c:516:9:SDReadAndSendPackets	1384	static
SDCard.c:396:6:FindAndSendFile	88	static
SDCard.c:584:9:SDWriteChars	1176	static
SDCard.c:683:9:SDWriteSensorData	48	static
SDCard.c:767:9:SD_Write	32	static
SDCard.c:719:9:SDwriteErrorLog	608	static
SDCard.c:821:9:SD_write_SensorData	608	static
SDCard.c:858:9:SD_write_ErrorLog	584	static
SDCard.c:888:9:SdWriteFirmWare	0	static
