__ExegerGeneric.c:141:5:_write	8	static
__ExegerGeneric.c:172:6:dPrint	8	static
__ExegerGeneric.c:232:6:debugPrint	0	static
__ExegerGeneric.c:411:6:HeartBeatLedBlinky	16	static
__ExegerGeneric.c:425:6:HeartBeatToggle	0	static
__ExegerGeneric.c:455:6:debugLedToggle	0	static
__ExegerGeneric.c:465:6:debugLedOn	0	static
__ExegerGeneric.c:435:6:HeartBeatOn	0	static
__ExegerGeneric.c:475:6:debugLedOff	0	static
__ExegerGeneric.c:445:6:HeartBeatOff	0	static
__ExegerGeneric.c:510:9:SetRtcTime	32	static
__ExegerGeneric.c:532:10:RTC_Get_DateTime_Comp	32	static
__ExegerGeneric.c:574:6:Set_bit_bc	0	static
__ExegerGeneric.c:586:6:Set_bit	0	static
__ExegerGeneric.c:596:6:Clear_bit_bc	0	static
__ExegerGeneric.c:609:6:Clear_bit	0	static
__ExegerGeneric.c:620:9:Check_bit	0	static
__ExegerGeneric.c:632:9:IsCharHex	0	static
__ExegerGeneric.c:674:7:GetInfoStruct	0	static
__ExegerGeneric.c:684:7:GetTempInfoStruct	0	static
__ExegerGeneric.c:718:6:ResetInfoStruct	0	static
__ExegerGeneric.c:694:6:InitInfoStruct	0	static
__ExegerGeneric.c:748:6:InfoLogAdd	24	static
__ExegerGeneric.c:792:10:InfoGetSize	0	static
__ExegerGeneric.c:803:6:InfoPrintLog	48	static
__ExegerGeneric.c:828:6:CopyTempToInfo	20	static
__ExegerGeneric.c:866:9:CheckForErrorInInfoStruct	0	static
__ExegerGeneric.c:899:6:RefreshWatchDogCounter	0	static
