stm32l4xx_ll_tim.c:217:13:LL_TIM_DeInit	0	static
stm32l4xx_ll_tim.c:305:6:LL_TIM_StructInit	0	static
stm32l4xx_ll_tim.c:323:13:LL_TIM_Init	8	static
stm32l4xx_ll_tim.c:374:6:LL_TIM_OC_StructInit	0	static
stm32l4xx_ll_tim.c:402:13:LL_TIM_OC_Init	12	static
stm32l4xx_ll_tim.c:439:6:LL_TIM_IC_StructInit	0	static
stm32l4xx_ll_tim.c:461:13:LL_TIM_IC_Init	8	static
stm32l4xx_ll_tim.c:491:6:LL_TIM_ENCODER_StructInit	0	static
stm32l4xx_ll_tim.c:513:13:LL_TIM_ENCODER_Init	12	static
stm32l4xx_ll_tim.c:575:6:LL_TIM_HALLSENSOR_StructInit	0	static
stm32l4xx_ll_tim.c:604:13:LL_TIM_HALLSENSOR_Init	20	static
stm32l4xx_ll_tim.c:682:6:LL_TIM_BDTR_StructInit	0	static
stm32l4xx_ll_tim.c:714:13:LL_TIM_BDTR_Init	0	static
