AS726X.c:174:9:AS726X_readRegister	32	static
AS726X.c:240:6:AS726X_writeRegister	48	static
AS726X.c:114:9:AS726X_virtualReadRegister	32	static
AS726X.c:43:9:AS726X_Get_HW_No	0	static
AS726X.c:191:6:AS726X_virtualWriteRegister	32	static
AS726X.c:52:6:AS726X_setMeasurementMode	8	static
AS726X.c:69:6:AS726X_setGain	8	static
AS726X.c:87:6:AS726X_setIntegrationTime	0	static
AS726X.c:96:6:AS726X_enableInterrupt	8	static
AS726X.c:107:6:AS726X_disableInterrupt	8	static
AS726X.c:346:9:AS726X_dataAvailable	8	static
AS726X.c:354:9:AS726X_clearDataAvailable	8	static
AS726X.c:390:10:AS726X_getChannel	16	static
AS726X.c:364:10:AS726X_getViolet	0	static
AS726X.c:368:10:AS726X_getBlue	0	static
AS726X.c:372:10:AS726X_getGreen	0	static
AS726X.c:376:10:AS726X_getYellow	0	static
AS726X.c:380:10:AS726X_getOrange	0	static
AS726X.c:384:10:AS726X_getRed	0	static
AS726X.c:325:6:AS726X_getSpectrumRaw	8	static
AS726X.c:424:7:AS726X_getCalibratedValue	24	static
AS726X.c:398:7:AS726X_getCalibratedViolet	0	static
AS726X.c:402:7:AS726X_getCalibratedBlue	0	static
AS726X.c:406:7:AS726X_getCalibratedGreen	0	static
AS726X.c:410:7:AS726X_getCalibratedYellow	0	static
AS726X.c:414:7:AS726X_getCalibratedOrange	0	static
AS726X.c:418:7:AS726X_getCalibratedRed	0	static
AS726X.c:305:6:AS726X_getSpectrum	8	static
AS726X.c:444:7:AS726X_convertBytesToFloat	0	static
AS726X.c:456:6:AS726X_enableIndicator	8	static
AS726X.c:467:6:AS726X_disableIndicator	8	static
AS726X.c:480:6:AS726X_setIndicatorCurrent	8	static
AS726X.c:496:6:AS726X_enableBulb	8	static
AS726X.c:507:6:AS726X_disableBulb	8	static
AS726X.c:518:6:AS726X_setBulbCurrent	8	static
AS726X.c:13:9:AS726X_begin	32	static
AS726X.c:259:6:AS726X_takeMeasurements	24	static
AS726X.c:282:6:AS726X_takeMeasurementsRaw	24	static
AS726X.c:533:9:AS726X_getTemperature	0	static
AS726X.c:541:7:AS726X_getTemperatureF	8	static
AS726X.c:553:6:AS726X_softReset	8	static
AS726X.c:569:10:AS726X_get_Normalized_Value	40	static
AS726X.c:315:6:AS726X_getSpectrum_norm	24	static
AS726X.c:335:6:AS726X_getSpectrumRaw_norm	16	static
