sara.c:17:6:USART2_Callback	0	static
sara.c:178:10:SaraWaitForResponse	32	static
sara.c:275:6:SaraSendCommand	8	static
sara.c:301:9:SaraCheckCommand	280	static
sara.c:46:9:SaraIsAlive	0	static
sara.c:52:9:StartUpSara	8	static
sara.c:133:9:SaraPowerDown	0	static
sara.c:139:9:SaraDisableEchoMode	8	static
sara.c:156:9:SaraCheckSimStatus	0	static
sara.c:108:9:SaraInitAtCommands	8	static
sara.c:162:9:SaraSetCFUN	32	static
sara.c:172:9:SaraReboot	0	static
sara.c:334:6:SARA_getRealTimeClock	72	static
sara.c:365:9:GMTcalculator	56	static
sara.c:399:9:SaraCompareRealTimeClock	120	static
sara.c:504:9:SaraGetSignalStrength	1056	dynamic
sara.c:561:6:SaraClearBuffer	0	static
sara.c:469:9:SaraGetRSSI	1072	static
sara.c:572:6:InitErrorStruct	0	static
sara.c:608:6:InitSaraStruct	8	static
sara.c:627:6:InitTimeStruct	16	static
