SDCard.c:904:9:SD_Write.part.4	48	static
SDCard.c:156:9:SD_EraseFile	24	static
SDCard.c:207:9:SD_Init	40	static
SDCard.c:28:6:InitFoldersSD	32	static
SDCard.c:58:9:SD_Verify	312	static
SDCard.c:242:6:SD_DeInit	8	static
SDCard.c:252:9:SD_set_timestamp	72	static
SDCard.c:345:9:SD_DoFileExist	24	static
SDCard.c:311:9:SD_getNumFiles	32	static
SDCard.c:178:9:SD_EraseMultipleFiles	48	static
SDCard.c:280:9:SD_getFileName	40	static
SDCard.c:358:6:ArchivePATHFile	48	static
SDCard.c:388:9:FindFile	88	static
SDCard.c:411:9:FindInfoFile	88	static
SDCard.c:458:6:ArchiveFiles	88	static
SDCard.c:479:6:ArchiveInfoFilesExceptNewest	96	static
SDCard.c:503:9:SDReadAndSend	872	static
SDCard.c:550:9:SDReadAndSendPackets	1384	static
SDCard.c:435:6:FindAndSendFile	88	static
SDCard.c:617:9:SDWriteChars	1176	static
SDCard.c:716:6:EnableSD_Card	40	static
SDCard.c:751:9:SDWriteSensorData	64	static
SDCard.c:904:9:SD_Write	40	static
SDCard.c:791:9:SD_WriteInfoLog	608	static
SDCard.c:844:9:SDwriteErrorLog	608	static
SDCard.c:974:9:SD_write_SensorData	608	static
SDCard.c:1011:9:SD_write_ErrorLog	584	static
SDCard.c:1041:9:SdWriteFirmWare	0	static
