VEML7700.c:17:9:VEML7700_writeRegister	48	static
VEML7700.c:41:9:VEML7700_readRegister	48	static
VEML7700.c:64:9:VEML7700_sendData	16	static
VEML7700.c:87:9:VEML7700_readData	16	static
VEML7700.c:103:9:VEML7700_init	8	static
VEML7700.c:135:9:VEML7700_shutdown	8	static
VEML7700.c:150:9:VEML7700_setGain	0	static
VEML7700.c:161:9:VEML7700_getGain	0	static
VEML7700.c:168:9:VEML7700_setIntegrationTime	0	static
VEML7700.c:175:9:VEML7700_getIntegrationTime	0	static
VEML7700.c:181:9:VEML7700_setPersistence	0	static
VEML7700.c:188:9:VEML7700_setPowerSavingMode	0	static
VEML7700.c:195:9:VEML7700_setPowerSaving	0	static
VEML7700.c:202:9:VEML7700_setInterrupts	0	static
VEML7700.c:209:9:VEML7700_setPower	16	static
VEML7700.c:221:9:VEML7700_setALSHighThreshold	0	static
VEML7700.c:226:9:VEML7700_setALSLowThreshold	0	static
VEML7700.c:234:9:VEML7700_getALS	8	static
VEML7700.c:245:9:VEML7700_getWhite	16	static
VEML7700.c:258:9:VEML7700_getHighThresholdEvent	16	static
VEML7700.c:271:9:VEML7700_getLowThresholdEvent	16	static
VEML7700.c:284:10:VEML7700_scaleLux	24	static
VEML7700.c:353:10:VEML7700_getALSLux	16	static
