SD_myfunc.c:690:9:SD_Write.part.4	24	static
SD_myfunc.c:21:6:InitFoldersSD	32	static
SD_myfunc.c:105:9:SD_EraseFile	24	static
SD_myfunc.c:148:9:SD_Init	32	static
SD_myfunc.c:43:9:SD_Verify	312	static
SD_myfunc.c:171:6:SD_DeInit	8	static
SD_myfunc.c:181:9:SD_set_timestamp	72	static
SD_myfunc.c:265:9:SD_DoFileExist	24	static
SD_myfunc.c:239:9:SD_getNumFiles	32	static
SD_myfunc.c:119:9:SD_EraseMultipleFiles	48	static
SD_myfunc.c:208:9:SD_getFileName	40	static
SD_myfunc.c:278:6:ArchivePATHFile	48	static
SD_myfunc.c:304:9:FindFile	88	static
SD_myfunc.c:367:6:ArchiveFiles	88	static
SD_myfunc.c:397:9:SDReadAndSend	872	static
SD_myfunc.c:446:9:SDReadAndSendPackets	1384	static
SD_myfunc.c:329:6:FindAndSendFile	88	static
SD_myfunc.c:513:9:SDWriteChars	1176	static
SD_myfunc.c:601:9:SDWriteSensorData	48	static
SD_myfunc.c:690:9:SD_Write	32	static
SD_myfunc.c:637:9:SDwriteErrorLog	608	static
SD_myfunc.c:730:9:SD_write_SensorData	608	static
SD_myfunc.c:773:9:SD_write_ErrorLog	584	static
SD_myfunc.c:805:9:SdWriteFirmWare	0	static
